Script started on 2020-09-24 16:19:48-04:00 [TERM="xterm" TTY="/dev/pts/2" COLUMNS="93" LINES="49"]
psammon1@remote07:~/i220a/submit/lab1$ git pushmerge lab4 -m 'merged lab4'[12Pcheckout masterpush[Kcommit -a -m 'completing lab4'status -s[Kmerge -m 'merged master' master[18Pcheckout lab4pull[Kcheckout masterommit -a -m 'completing lab4'status -s[Kmerge -m 'merged master' master[18Pcheckout lab4[4Pbranch -1[3Pcd ~/i220ascript -a lab4.LOGgit push -u origin lab4commit -m 'started lab4'add .[K[27@cp -pr ~/cs220/labs/lab4/exercises[C[C[14Pd ~/i220a/submit/lab4[2Pgit checkout -b lab4[10Pcd ~/i220asubmit/lab4[6@mkdir -p[C[C[C[C[C[C[C[C[C[C[C[Cgit checkout -b lab4[10Pcd ~/i220a[2Pgit pullcd ~/cs220s[C[C[C[C[C[C[C[C[6Pbashdel cast.types.cvim[C[C[C[C[C[C[C[C[C[C[C[C[Ccd ~/cs220/labs/lab4/exercises/4-cast-types[C[C[C[C[C[C[C[C[C[C[C[C[C[C[C[C[C[C[C[C[C[C[C[C[C[C[C[C[C[C[C[C[C[C[C[C[C[C[C./bad-types[Kcd ~/cs220/labs/lab4/exercises/4-cast-types[K[K[K[K[K[K[K[K[K[K[K[K1-pointers/[K[K[K[K[K[K[K[K[K[K[K[K[K[K[K[K[K[K[K[K[K[K[K1/exercises
psammon1@remote07:~/cs220/labs/lab1/exercises$ cd 1-hello/
psammon1@remote07:~/cs220/labs/lab1/exercises/1-hello$ ls -l
total 24
-rwxr-x--- 1 psammon1 psammon1 16608 Sep 24 15:49 hello
-rw-r----- 1 psammon1 psammon1    75 Sep 24 15:49 hello.c
psammon1@remote07:~/cs220/labs/lab1/exercises/1-hello$ make hello
make: 'hello' is up to date.
psammon1@remote07:~/cs220/labs/lab1/exercises/1-hello$ ./hello
hello world
psammon1@remote07:~/cs220/labs/lab1/exercises/1-hello$ ./hellomake hello[5Pls -lcd 1-hello/~/cs220/labs/lab1/exercises/2-err/
psammon1@remote07:~/cs220/labs/lab1/exercises/2-err$ make
Makefile:2: *** missing separator.  Stop.
psammon1@remote07:~/cs220/labs/lab1/exercises/2-err$ ls
Makefile
psammon1@remote07:~/cs220/labs/lab1/exercises/2-err$ ma[K[Kvim Makefile
[?1000h[?2004h[?1049h[22;0;0t[?1h=[?2004h[1;49r[?12h[?12l[22;2t[22;1t[27m[23m[29m[m[H[2J[?25l[49;1H"Makefile" 8L, 90C[2;1Hâ–½[6n[2;1H  [1;1H[>c]10;?]11;?[1;1H[36mall:[m
[1m[37m[41m                echo "hello $$USER"[m


[33m.PHONY:[m[9Ccount-bin
[36mcount-bin:[m
[31m                cd /usr/bin ;
                ls | wc -l[m
[1m[34m~                                                                                            [10;1H~                                                                                            [11;1H~                                                                                            [12;1H~                                                                                            [13;1H~                                                                                            [14;1H~                                                                                            [15;1H~                                                                                            [16;1H~                                                                                            [17;1H~                                                                                            [18;1H~                                                                                            [19;1H~                                                                                            [20;1H~                                                                                            [21;1H~                                                                                            [22;1H~                                                                                            [23;1H~                                                                                            [24;1H~                                                                                            [25;1H~                                                                                            [26;1H~                                                                                            [27;1H~                                                                                            [28;1H~                                                                                            [29;1H~                                                                                            [30;1H~                                                                                            [31;1H~                                                                                            [32;1H~                                                                                            [33;1H~                                                                                            [34;1H~                                                                                            [35;1H~                                                                                            [36;1H~                                                                                            [37;1H~                                                                                            [38;1H~                                                                                            [39;1H~                                                                                            [40;1H~                                                                                            [41;1H~                                                                                            [42;1H~                                                                                            [43;1H~                                                                                            [44;1H~                                                                                            [45;1H~                                                                                            [46;1H~                                                                                            [47;1H~                                                                                            [48;1H~                                                                                            [m[49;76H1,1[11CAll[1;1H[?25h[?1000l[?1002h[?25l[49;66Hi[1;1H[49;66H [1;1H[49;1H[1m-- INSERT --[m[49;13H[K[49;76H1,1[11CAll[1;1H[?25h[?25l[49;76H2[2;1H[?25h[?25l[49;78H2[2;2H[?25h[?25l[49;78H3[2;3H[?25h[?25l[49;78H4-9[2;9H[?25h[?25l[49;78H5-17[2;17H[?25h[?25l[49;78H6-18[2;18H[?25h[?25l[49;78H5-17[2;17H[?25h[?25l[49;78H4-9 [2;9H[?25h[?25l[49;78H5-17[2;17H[?25h[?25l[49;78H4-9 [2;9H[?25h[?25l[1m[37m[41mecho "hello $$USER"[m[2;28H[K[49;78H3  [2;3H[?25h[?25l[49;78H2[2;2H[?25h[?25l[31m        echo "hello [m[36m$$[m[31mUSER"[m[49;78H1[2;1H[?25h[49;1H[K[2;1H[?25l[49;66H^[[2;1H[49;66H  [2;1H[49;76H2,1-8[9CAll[2;8H[?25h[?25l[49;66H:[2;8H[49;66H[K[49;1H:[?2004h[?25hq[?25l[?25hw[?25l[?25h[?25l[49;3H[K[49;3H[?25h[?25l[49;2H[K[49;2H[?25hw[?25l[?25hq[?25l[?25h[?25l[?1002l[?2004l"Makefile" 8L, 87C written[23;2t[23;1t[22;2t[22;1t[23;2t[23;1t
[?2004l[?1l>[?25h[?1049l[23;0;0tpsammon1@remote07:~/cs220/labs/lab1/exercises/2-err$ vim Makefilels[Kmake
echo "hello $USER"
hello psammon1
psammon1@remote07:~/cs220/labs/lab1/exercises/2-err$ makevim Makefile
[?1000h[?2004h[?1049h[22;0;0t[?1h=[?2004h[1;49r[?12h[?12l[22;2t[22;1t[27m[23m[29m[m[H[2J[?25l[49;1H"Makefile" 8L, 87C[2;1Hâ–½[6n[2;1H  [1;1H[>c]10;?]11;?[1;1H[36mall:[m
[31m        echo "hello [m[36m$$[m[31mUSER"[m


[33m.PHONY:[m[9Ccount-bin
[36mcount-bin:[m
[31m                cd /usr/bin ;
                ls | wc -l[m
[1m[34m~                                                                                            [10;1H~                                                                                            [11;1H~                                                                                            [12;1H~                                                                                            [13;1H~                                                                                            [14;1H~                                                                                            [15;1H~                                                                                            [16;1H~                                                                                            [17;1H~                                                                                            [18;1H~                                                                                            [19;1H~                                                                                            [20;1H~                                                                                            [21;1H~                                                                                            [22;1H~                                                                                            [23;1H~                                                                                            [24;1H~                                                                                            [25;1H~                                                                                            [26;1H~                                                                                            [27;1H~                                                                                            [28;1H~                                                                                            [29;1H~                                                                                            [30;1H~                                                                                            [31;1H~                                                                                            [32;1H~                                                                                            [33;1H~                                                                                            [34;1H~                                                                                            [35;1H~                                                                                            [36;1H~                                                                                            [37;1H~                                                                                            [38;1H~                                                                                            [39;1H~                                                                                            [40;1H~                                                                                            [41;1H~                                                                                            [42;1H~                                                                                            [43;1H~                                                                                            [44;1H~                                                                                            [45;1H~                                                                                            [46;1H~                                                                                            [47;1H~                                                                                            [48;1H~                                                                                            [m[49;76H2,1-8[9CAll[2;8H[?25h[?1000l[?1002h[?25l[49;66H:[2;8H[49;1H[K[49;1H:[?2004h[?25hw[?25l[?25hq[?25l[?25h[?25l[?1002l[?2004l"Makefile" 8L, 87C written[23;2t[23;1t[22;2t[22;1t[23;2t[23;1t
[?2004l[?1l>[?25h[?1049l[23;0;0tpsammon1@remote07:~/cs220/labs/lab1/exercises/2-err$ make count-bin
cd /usr/bin ;
ls | wc -l
1
psammon1@remote07:~/cs220/labs/lab1/exercises/2-err$ cd us[K[K/user[K[Kr/bin/[K ;
psammon1@remote07:/usr/bin$ ls | wc -;[Kl
4444
psammon1@remote07:/usr/bin$ ls | wc -lcd /usr/bin ;make count-bin[2Pvim Makefile[8Pmakevim Makefilels[Kmakecd ~/cs220/labs/lab1/exercises/2-err/[C[C[C[C[C[C[C[C[C[C[C[C[C[C[C[C[C[C[C[C[C[C[C[C[C[C[C[C./hello[Kcd ~/cs220/labs/lab1/exercises/2-err/
psammon1@remote07:~/cs220/labs/lab1/exercises/2-err$ cd ~/cs220/labs/lab1/exercises/2-err/ls | wc -l[Kcd /usr/bin ;make count-bin[2Pvim Makefile
[?1000h[?2004h[?1049h[22;0;0t[?1h=[?2004h[1;49r[?12h[?12l[22;2t[22;1t[27m[23m[29m[m[H[2J[?25l[49;1H"Makefile" 8L, 87C[2;1Hâ–½[6n[2;1H  [1;1H[>c]10;?]11;?[1;1H[36mall:[m
[31m        echo "hello [m[36m$$[m[31mUSER"[m


[33m.PHONY:[m[9Ccount-bin
[36mcount-bin:[m
[31m                cd /usr/bin ;
                ls | wc -l[m
[1m[34m~                                                                                            [10;1H~                                                                                            [11;1H~                                                                                            [12;1H~                                                                                            [13;1H~                                                                                            [14;1H~                                                                                            [15;1H~                                                                                            [16;1H~                                                                                            [17;1H~                                                                                            [18;1H~                                                                                            [19;1H~                                                                                            [20;1H~                                                                                            [21;1H~                                                                                            [22;1H~                                                                                            [23;1H~                                                                                            [24;1H~                                                                                            [25;1H~                                                                                            [26;1H~                                                                                            [27;1H~                                                                                            [28;1H~                                                                                            [29;1H~                                                                                            [30;1H~                                                                                            [31;1H~                                                                                            [32;1H~                                                                                            [33;1H~                                                                                            [34;1H~                                                                                            [35;1H~                                                                                            [36;1H~                                                                                            [37;1H~                                                                                            [38;1H~                                                                                            [39;1H~                                                                                            [40;1H~                                                                                            [41;1H~                                                                                            [42;1H~                                                                                            [43;1H~                                                                                            [44;1H~                                                                                            [45;1H~                                                                                            [46;1H~                                                                                            [47;1H~                                                                                            [48;1H~                                                                                            [m[49;76H2,1-8[9CAll[2;8H[?25h[?1000l[?1002h[?25l[49;76H7,2-16[7;16H[?25h[?25l[49;66H~@k[7;16H[49;66H   [7;8H[49;78H1-8 [7;8H[?25h[?25l[49;79H5-29[7;29H[?25h[?25l[49;66Hi[7;29H[49;66H [7;29H[49;1H[1m-- INSERT --[m[49;13H[K[49;76H7,15-29[7CAll[7;29H[?25h[?25l[49;79H6-30[7;30H[?25h[?25l[35m\[m[49;79H7-31[7;31H[?25h[49;1H[K[7;30H[?25l[49;66H^[[7;30H[49;66H  [7;31H[49;76H7,16-30[7CAll[7;30H[?25h[?25l[49;66H:[7;30H[49;66H[K[49;1H:[?2004h[?25hw[?25l[?25hq[?25l[?25h[?25l[?1002l[?2004l"Makefile" 8L, 88C written[23;2t[23;1t[22;2t[22;1t[23;2t[23;1t
[?2004l[?1l>[?25h[?1049l[23;0;0tpsammon1@remote07:~/cs220/labs/lab1/exercises/2-err$ vim Makefilecd ~/cs220/labs/lab1/exercises/2-err/ls | wc -l[Kcd /usr/bin ;make count-bin
cd /usr/bin ;\
	ls | wc -l
4444
psammon1@remote07:~/cs220/labs/lab1/exercises/2-err$ make count-bin[2Pvim Makefilecd ~/cs220/labs/lab1/exercises/2-err/[K[K[K[K[K[K3-multifile/
psammon1@remote07:~/cs220/labs/lab1/exercises/3-multifile$ cd ~/cs220/labs/lab1/exercises/3-multifile/[A[C[C[C[C[C[C[C[C[C[C[C[C[C[C[C[C[C[C[C[C[C[C[C[C[C[C[C[C[C[C[C[C[C[C[C[C[C[C[C[C[C[C[C[C[C[C[C[C[C[C[20Pmake count-bin
[K[A[C[C[C[C[C[C[C[C[C[C[C[C[C[C[C[C[C[C[C[C[C[C[C[C[C[C[C[C[C[C[C[C[C[C[C[C[C[C[C[C[C[C[C[C[C[C[C[C[C[C[C[C[C[C[C[C[C[C[C[C[C[C[C[C[C[C[C[C[C[C[C[C[C[2Pvim Makefile
[?1000h[?2004h[?1049h[22;0;0t[?1h=[?2004h[1;49r[?12h[?12l[22;2t[22;1t[27m[23m[29m[m[H[2J[?25l[49;1H"Makefile" 11L, 173C[2;1Hâ–½[6n[2;1H  [1;1H[>c]10;?]11;?[1;1H[36mPROJECT [m= quadr

[36mCFLAGS [m= -g -Wall -std=c11
[36mLDFLAGS [m=

[36m$(PROJECT):[m     quadr.o main.o
[31m                [m[36m$(CC)[m[31m [m[36m$(LDFLAGS)[m[31m quadr.o main.o -o [m[36m$@

clean:[m
[31m                rm -f *.o [m[36m$(PROJECT)[m[31m [m[36m$(PROJECT)[m[31m.tar.gz[m

[1m[34m~                                                                                            [13;1H~                                                                                            [14;1H~                                                                                            [15;1H~                                                                                            [16;1H~                                                                                            [17;1H~                                                                                            [18;1H~                                                                                            [19;1H~                                                                                            [20;1H~                                                                                            [21;1H~                                                                                            [22;1H~                                                                                            [23;1H~                                                                                            [24;1H~                                                                                            [25;1H~                                                                                            [26;1H~                                                                                            [27;1H~                                                                                            [28;1H~                                                                                            [29;1H~                                                                                            [30;1H~                                                                                            [31;1H~                                                                                            [32;1H~                                                                                            [33;1H~                                                                                            [34;1H~                                                                                            [35;1H~                                                                                            [36;1H~                                                                                            [37;1H~                                                                                            [38;1H~                                                                                            [39;1H~                                                                                            [40;1H~                                                                                            [41;1H~                                                                                            [42;1H~                                                                                            [43;1H~                                                                                            [44;1H~                                                                                            [45;1H~                                                                                            [46;1H~                                                                                            [47;1H~                                                                                            [48;1H~                                                                                            [m[49;76H11,0-1[8CAll[11;1H[?25h[?1000l[?1002h[?25l[49;66H:[11;1H[49;1H[K[49;1H:[?2004h[?25hw[?25l[?25hq[?25l[?25h[?25l[?1002l[?2004l"Makefile" 11L, 173C written[23;2t[23;1t[22;2t[22;1t[23;2t[23;1t
[?2004l[?1l>[?25h[?1049l[23;0;0tpsammon1@remote07:~/cs220/labs/lab1/exercises/3-multifile$ make
cc -g -Wall -std=c11   -c -o quadr.o quadr.c
cc -g -Wall -std=c11   -c -o main.o main.c
cc  quadr.o main.o -o quadr
/usr/bin/ld: quadr.o: in function `quadratic_roots':
/home/psammon1/cs220/labs/lab1/exercises/3-multifile/quadr.c:10: undefined reference to `sqrt'
/usr/bin/ld: /home/psammon1/cs220/labs/lab1/exercises/3-multifile/quadr.c:11: undefined reference to `sqrt'
collect2: error: ld returned 1 exit status
make: *** [Makefile:7: quadr] Error 1
psammon1@remote07:~/cs220/labs/lab1/exercises/3-multifile$ vimmakevim Makefile
[?1000h[?2004h[?1049h[22;0;0t[?1h=[?2004h[1;49r[?12h[?12l[22;2t[22;1t[27m[23m[29m[m[H[2J[?25l[49;1H"Makefile" 11L, 173C[2;1Hâ–½[6n[2;1H  [1;1H[>c]10;?]11;?[1;1H[36mPROJECT [m= quadr

[36mCFLAGS [m= -g -Wall -std=c11
[36mLDFLAGS [m=

[36m$(PROJECT):[m     quadr.o main.o
[31m                [m[36m$(CC)[m[31m [m[36m$(LDFLAGS)[m[31m quadr.o main.o -o [m[36m$@

clean:[m
[31m                rm -f *.o [m[36m$(PROJECT)[m[31m [m[36m$(PROJECT)[m[31m.tar.gz[m

[1m[34m~                                                                                            [13;1H~                                                                                            [14;1H~                                                                                            [15;1H~                                                                                            [16;1H~                                                                                            [17;1H~                                                                                            [18;1H~                                                                                            [19;1H~                                                                                            [20;1H~                                                                                            [21;1H~                                                                                            [22;1H~                                                                                            [23;1H~                                                                                            [24;1H~                                                                                            [25;1H~                                                                                            [26;1H~                                                                                            [27;1H~                                                                                            [28;1H~                                                                                            [29;1H~                                                                                            [30;1H~                                                                                            [31;1H~                                                                                            [32;1H~                                                                                            [33;1H~                                                                                            [34;1H~                                                                                            [35;1H~                                                                                            [36;1H~                                                                                            [37;1H~                                                                                            [38;1H~                                                                                            [39;1H~                                                                                            [40;1H~                                                                                            [41;1H~                                                                                            [42;1H~                                                                                            [43;1H~                                                                                            [44;1H~                                                                                            [45;1H~                                                                                            [46;1H~                                                                                            [47;1H~                                                                                            [48;1H~                                                                                            [m[49;76H11,0-1[8CAll[11;1H[?25h[?1000l[?1002h[?25l[49;76H4,10  [4;10H[?25h[?25l[49;66Hi[4;10H[49;66H [4;10H[49;1H[1m-- INSERT --[m[49;13H[K[49;76H4,10[10CAll[4;10H[?25h[?25l[49;79H1[4;11H[?25h[?25l-[49;79H2[4;12H[?25h[?25ll[49;79H3[4;13H[?25h[?25lm[49;79H4[4;14H[?25h[?25l[49;79H5[4;15H[?25h[?25l|[49;79H6[4;16H[?25h[?25l [49;79H5[4;15H[?25h[?25l\[49;79H6[4;16H[?25h[?25l[5;48r[5;1H[L[1;49r[4;15H[35m\
          [m[49;76H[K[49;76H5,3-10[8CAll[5;10H[?25h[?25l[1C[35m       [m[49;78H4-17[5;17H[?25h[?25l[5;11H[K[49;78H3-10[5;10H[?25h[?25l-[49;78H4-11[5;11H[?25h[?25ll[49;78H5-12[5;12H[?25h[?25lc[49;78H6-13[5;13H[?25h[?25l [49;78H5-12[5;12H[?25h[?25l [49;78H4-11[5;11H[?25h[?25l[35m [m[49;78H3-10[5;10H[?25h[?25l[5;10H[K[49;78H2-9 [5;9H[?25h[?25l[5;2H[K[49;78H1  [5;1H[?25h[?25l[4;48r[48;1H
[1;49r[4;1H[36mLDFLAGS [m= -lm \[48;1H[1m[34m~                                                                                            [m[49;76H[K[49;76H4,16[10CAll[4;16H[?25h[?25l [49;79H5[4;15H[?25h[49;1H[K[4;14H[?25l[49;66H^[[4;14H[49;66H  [4;15H[49;76H4,14[10CAll[4;14H[?25h[?25l[49;66H:[4;14H[49;66H[K[49;1H:[?2004h[?25hw[?25l[?25hq[?25l[?25h[?25l[?1002l[?2004l"Makefile" 11L, 178C written[23;2t[23;1t[22;2t[22;1t[23;2t[23;1t
[?2004l[?1l>[?25h[?1049l[23;0;0tpsammon1@remote07:~/cs220/labs/lab1/exercises/3-multifile$ vim Makefile[8Pmake
cc -lm   quadr.o main.o -o quadr
psammon1@remote07:~/cs220/labs/lab1/exercises/3-multifile$ cd[K[Kcd ~/i220a/submit/lab1
psammon1@remote07:~/i220a/submit/lab1$ git add .
psammon1@remote07:~/i220a/submit/lab1$ git commit -m 'completed exercise 2'
[prj1 19a2f62] completed exercise 2
 Committer: Patrick Sammon <psammon1@cs.binghamton.edu>
Your name and email address were configured automatically based
on your username and hostname. Please check that they are accurate.
You can suppress this message by setting them explicitly. Run the
following command and follow the instructions in your editor to edit
your configuration file:

    git config --global --edit

After doing this, you may fix the identity used for this commit with:

    git commit --amend --reset-author

 1 file changed, 83 insertions(+)
 create mode 100644 submit/lab1/labN.LOG
psammon1@remote07:~/i220a/submit/lab1$ git push
Enumerating objects: 44, done.
Counting objects:   2% (1/44)Counting objects:   4% (2/44)Counting objects:   6% (3/44)Counting objects:   9% (4/44)Counting objects:  11% (5/44)Counting objects:  13% (6/44)Counting objects:  15% (7/44)Counting objects:  18% (8/44)Counting objects:  20% (9/44)Counting objects:  22% (10/44)Counting objects:  25% (11/44)Counting objects:  27% (12/44)Counting objects:  29% (13/44)Counting objects:  31% (14/44)Counting objects:  34% (15/44)Counting objects:  36% (16/44)Counting objects:  38% (17/44)Counting objects:  40% (18/44)Counting objects:  43% (19/44)Counting objects:  45% (20/44)Counting objects:  47% (21/44)Counting objects:  50% (22/44)Counting objects:  52% (23/44)Counting objects:  54% (24/44)Counting objects:  56% (25/44)Counting objects:  59% (26/44)Counting objects:  61% (27/44)Counting objects:  63% (28/44)Counting objects:  65% (29/44)Counting objects:  68% (30/44)Counting objects:  70% (31/44)Counting objects:  72% (32/44)Counting objects:  75% (33/44)Counting objects:  77% (34/44)Counting objects:  79% (35/44)Counting objects:  81% (36/44)Counting objects:  84% (37/44)Counting objects:  86% (38/44)Counting objects:  88% (39/44)Counting objects:  90% (40/44)Counting objects:  93% (41/44)Counting objects:  95% (42/44)Counting objects:  97% (43/44)Counting objects: 100% (44/44)Counting objects: 100% (44/44), done.
Delta compression using up to 8 threads
Compressing objects:   3% (1/27)Compressing objects:   7% (2/27)Compressing objects:  11% (3/27)Compressing objects:  14% (4/27)Compressing objects:  18% (5/27)Compressing objects:  22% (6/27)Compressing objects:  25% (7/27)Compressing objects:  29% (8/27)Compressing objects:  33% (9/27)Compressing objects:  37% (10/27)Compressing objects:  40% (11/27)Compressing objects:  44% (12/27)Compressing objects:  48% (13/27)Compressing objects:  51% (14/27)Compressing objects:  55% (15/27)Compressing objects:  59% (16/27)Compressing objects:  62% (17/27)Compressing objects:  66% (18/27)Compressing objects:  70% (19/27)Compressing objects:  74% (20/27)Compressing objects:  77% (21/27)Compressing objects:  81% (22/27)Compressing objects:  85% (23/27)Compressing objects:  88% (24/27)Compressing objects:  92% (25/27)Compressing objects:  96% (26/27)Compressing objects: 100% (27/27)Compressing objects: 100% (27/27), done.
Writing objects:   2% (1/36)Writing objects:   5% (2/36)Writing objects:   8% (3/36)Writing objects:  11% (4/36)Writing objects:  13% (5/36)Writing objects:  16% (6/36)Writing objects:  19% (7/36)Writing objects:  22% (8/36)Writing objects:  25% (9/36)Writing objects:  27% (10/36)Writing objects:  30% (11/36)Writing objects:  33% (12/36)Writing objects:  36% (13/36)Writing objects:  38% (14/36)Writing objects:  41% (15/36)Writing objects:  44% (16/36)Writing objects:  47% (17/36)Writing objects:  50% (18/36)Writing objects:  52% (19/36)Writing objects:  55% (20/36)Writing objects:  58% (21/36)Writing objects:  61% (22/36)Writing objects:  63% (23/36)Writing objects:  66% (24/36)Writing objects:  69% (25/36)Writing objects:  72% (26/36)Writing objects:  75% (27/36)Writing objects:  77% (28/36)Writing objects:  80% (29/36)Writing objects:  83% (30/36)Writing objects:  86% (31/36)Writing objects:  88% (32/36)Writing objects:  91% (33/36)Writing objects:  94% (34/36)Writing objects:  97% (35/36)Writing objects: 100% (36/36)Writing objects: 100% (36/36), 8.22 KiB | 701.00 KiB/s, done.
Total 36 (delta 4), reused 0 (delta 0), pack-reused 0
remote: Resolving deltas:   0% (0/4)[Kremote: Resolving deltas:  50% (2/4)[Kremote: Resolving deltas: 100% (4/4)[Kremote: Resolving deltas: 100% (4/4), completed with 2 local objects.[K
To github.com:psammon/i220a.git
   20dd7ce..19a2f62  prj1 -> prj1
psammon1@remote07:~/i220a/submit/lab1$ cd ~/i220a
psammon1@remote07:~/i220a$ git branch -l
[?1h=  lab0[m[m
  lab1[m[m
  lab2[m[m
  lab3[m[m
  lab4[m[m
  master[m[m
* [32mprj1[m[m
[K[?1l>psammon1@remote07:~/i220a$ git checkout[K[K[K[K[K[K[K[K[K[K[K[Kgit push -u origin lab1
Branch 'lab1' set up to track remote branch 'lab1' from 'origin'.
Everything up-to-date
psammon1@remote07:~/i220a$ git push -u origin lab1[10Pbranch -l
[?1h=  lab0[m[m
  lab1[m[m
  lab2[m[m
  lab3[m[m
  lab4[m[m
  master[m[m
* [32mprj1[m[m
[K[?1l>psammon1@remote07:~/i220a$ git branch -l[K[K[K[K[K[K[K[K[K[K[K[K[Kgit checkout lab1
error: Your local changes to the following files would be overwritten by checkout:
	submit/lab1/labN.LOG
	submit/prj1-sol/README
Please commit your changes or stash them before you switch branches.
Aborting
psammon1@remote07:~/i220a$ git checkout lab1[Kgit stash
Saved working directory and index state WIP on prj1: 19a2f62 completed exercise 2
psammon1@remote07:~/i220a$ git stashcheckout lab1
Switched to branch 'lab1'
Your branch is up to date with 'origin/lab1'.
psammon1@remote07:~/i220a$ git checkout lab1[8Pstashcheckout lab1[4Pbranch -l
[?1h=  lab0[m[m
* [32mlab1[m[m
  lab2[m[m
  lab3[m[m
  lab4[m[m
  master[m[m
  prj1[m[m
[K[?1l>psammon1@remote07:~/i220a$ git checkout master
Switched to branch 'master'
Your branch is up to date with 'origin/master'.
psammon1@remote07:~/i220a$ git pull
warning: Pulling without specifying how to reconcile divergent branches is
discouraged. You can squelch this message by running one of the following
commands sometime before your next pull:

  git config pull.rebase false  # merge (the default strategy)
  git config pull.rebase true   # rebase
  git config pull.ff only       # fast-forward only

You can replace "git config" with "git config --global" to set a default
preference for all repositories. You can also pass --rebase, --no-rebase,
or --ff-only on the command line to override the configured default per
invocation.

Already up to date.
psammon1@remote07:~/i220a$ git checkout lab1
Switched to branch 'lab1'
Your branch is up to date with 'origin/lab1'.
psammon1@remote07:~/i220a$ git merge -m 'merged master' master
Merge made by the 'recursive' strategy.
 submit/lab2/exercises/.gitignore                      |   1 [32m+[m
 submit/lab2/exercises/1-hello-args/.gitignore         |   1 [32m+[m
 submit/lab2/exercises/1-hello-args/Makefile           |   3 [32m+[m
 submit/lab2/exercises/1-hello-args/README             |   1 [32m+[m
 submit/lab2/exercises/1-hello-args/hello.c            |  23 [32m+[m
 submit/lab2/exercises/2-hello-upcase-args/.gitignore  |   1 [32m+[m
 submit/lab2/exercises/2-hello-upcase-args/Makefile    |   3 [32m+[m
 submit/lab2/exercises/2-hello-upcase-args/README      |   4 [32m+[m
 submit/lab2/exercises/2-hello-upcase-args/hello.c     |  48 [32m++[m
 submit/lab2/exercises/Makefile                        |   2 [32m+[m
 submit/lab2/lab2.LOG                                  | 883 [32m+++++++++++++++++++++++++++++++[m
 submit/lab3/exercises/.gitignore                      |   1 [32m+[m
 submit/lab4/exercises/1-pointers/.gitignore           |   1 [32m+[m
 submit/lab4/exercises/1-pointers/pointers.c           |  18 [32m+[m
 submit/lab4/exercises/2-in-pointers/.gitignore        |   1 [32m+[m
 submit/lab4/exercises/2-in-pointers/in-pointers.c     |  48 [32m++[m
 submit/lab4/exercises/3-bad-types/.gitignore          |   1 [32m+[m
 submit/lab4/exercises/3-bad-types/bad-types.c         |  18 [32m+[m
 submit/lab4/exercises/4-cast-types/.gitignore         |   1 [32m+[m
 submit/lab4/exercises/4-cast-types/cast-types.c       |  18 [32m+[m
 submit/lab4/exercises/5-void-pointers/.gitignore      |   1 [32m+[m
 submit/lab4/exercises/5-void-pointers/void-pointers.c |  17 [32m+[m
 submit/lab4/exercises/6-in-voids/.gitignore           |   1 [32m+[m
 submit/lab4/exercises/6-in-voids/in-voids.c           |  48 [32m++[m
 submit/lab4/exercises/Makefile                        |  28 [32m+[m
 25 files changed, 1172 insertions(+)
 create mode 100644 submit/lab2/exercises/.gitignore
 create mode 100644 submit/lab2/exercises/1-hello-args/.gitignore
 create mode 100644 submit/lab2/exercises/1-hello-args/Makefile
 create mode 100644 submit/lab2/exercises/1-hello-args/README
 create mode 100644 submit/lab2/exercises/1-hello-args/hello.c
 create mode 100644 submit/lab2/exercises/2-hello-upcase-args/.gitignore
 create mode 100644 submit/lab2/exercises/2-hello-upcase-args/Makefile
 create mode 100644 submit/lab2/exercises/2-hello-upcase-args/README
 create mode 100644 submit/lab2/exercises/2-hello-upcase-args/hello.c
 create mode 100644 submit/lab2/exercises/Makefile
 create mode 100644 submit/lab2/lab2.LOG
 create mode 100644 submit/lab3/exercises/.gitignore
 create mode 100644 submit/lab4/exercises/1-pointers/.gitignore
 create mode 100644 submit/lab4/exercises/1-pointers/pointers.c
 create mode 100644 submit/lab4/exercises/2-in-pointers/.gitignore
 create mode 100644 submit/lab4/exercises/2-in-pointers/in-pointers.c
 create mode 100644 submit/lab4/exercises/3-bad-types/.gitignore
 create mode 100644 submit/lab4/exercises/3-bad-types/bad-types.c
 create mode 100644 submit/lab4/exercises/4-cast-types/.gitignore
 create mode 100644 submit/lab4/exercises/4-cast-types/cast-types.c
 create mode 100644 submit/lab4/exercises/5-void-pointers/.gitignore
 create mode 100644 submit/lab4/exercises/5-void-pointers/void-pointers.c
 create mode 100644 submit/lab4/exercises/6-in-voids/.gitignore
 create mode 100644 submit/lab4/exercises/6-in-voids/in-voids.c
 create mode 100644 submit/lab4/exercises/Makefile
psammon1@remote07:~/i220a$ git status -s
[31m??[m submit/lab1/.nfs0000000c1c8db83100001f49
[31m??[m submit/prj1-sol/
psammon1@remote07:~/i220a$ git commin[Kt -a -m 'complte[K[Keting lab1'
On branch lab1
Your branch is ahead of 'origin/lab1' by 6 commits.
  (use "git push" to publish your local commits)

Untracked files:
  (use "git add <file>..." to include in what will be committed)
	[31msubmit/lab1/.nfs0000000c1c8db83100001f49[m
	[31msubmit/prj1-sol/[m

nothing added to commit but untracked files present (use "git add" to track)
psammon1@remote07:~/i220a$ git commit -a -m 'completing lab1'[C[C[C[C[C[C[C[C[C[C[C[C[C[C[C[C[C[C[C[C[C[C[C[C[C[C[C[Kgit add a[Ksubmit/lab1/.nfs0000000c1c8db83100001f49 [K
psammon1@remote07:~/i220a$ git add submit/lab1/.nfs0000000c1c8db83100001f49[C[C[C[C[C[C[C[C[C[C[C[C[C[C[C[C[C[C[C[C[C[C[C[C[C[C[C[C[C[C[C[14Pcommit -a -m 'completing lab1'
[lab1 3a33402] completing lab1
 Committer: Patrick Sammon <psammon1@cs.binghamton.edu>
Your name and email address were configured automatically based
on your username and hostname. Please check that they are accurate.
You can suppress this message by setting them explicitly. Run the
following command and follow the instructions in your editor to edit
your configuration file:

    git config --global --edit

After doing this, you may fix the identity used for this commit with:

    git commit --amend --reset-author

 1 file changed, 239 insertions(+)
 create mode 100644 submit/lab1/.nfs0000000c1c8db83100001f49
psammon1@remote07:~/i220a$ git push
Enumerating objects: 13, done.
Counting objects:   7% (1/13)Counting objects:  15% (2/13)Counting objects:  23% (3/13)Counting objects:  30% (4/13)Counting objects:  38% (5/13)Counting objects:  46% (6/13)Counting objects:  53% (7/13)Counting objects:  61% (8/13)Counting objects:  69% (9/13)Counting objects:  76% (10/13)Counting objects:  84% (11/13)Counting objects:  92% (12/13)Counting objects: 100% (13/13)Counting objects: 100% (13/13), done.
Delta compression using up to 8 threads
Compressing objects:  12% (1/8)Compressing objects:  25% (2/8)Compressing objects:  37% (3/8)Compressing objects:  50% (4/8)Compressing objects:  62% (5/8)Compressing objects:  75% (6/8)Compressing objects:  87% (7/8)Compressing objects: 100% (8/8)Compressing objects: 100% (8/8), done.
Writing objects:  12% (1/8)Writing objects:  25% (2/8)Writing objects:  37% (3/8)Writing objects:  50% (4/8)Writing objects:  62% (5/8)Writing objects:  75% (6/8)Writing objects:  87% (7/8)Writing objects: 100% (8/8)Writing objects: 100% (8/8), 5.49 KiB | 1.83 MiB/s, done.
Total 8 (delta 4), reused 0 (delta 0), pack-reused 0
remote: Resolving deltas:   0% (0/4)[Kremote: Resolving deltas:  50% (2/4)[Kremote: Resolving deltas: 100% (4/4)[Kremote: Resolving deltas: 100% (4/4), completed with 2 local objects.[K
git checkTo github.com:psammon/i220a.git
   94ed501..3a33402  lab1 -> lab1
psammon1@remote07:~/i220a$ git checkout master
warning: unable to unlink 'submit/lab1/.nfs0000000c1c8db83100001f49': Device or resource busy
Switched to branch 'master'
Your branch is up to date with 'origin/master'.
psammon1@remote07:~/i220a$ git merge lab1 -mcheckout masterpush[Kcommit -a -m 'completing lab1'add submit/lab1/.nfs0000000c1c8db83100001f49[C[C[C[C[C[C[C[C[C[C[C[C[C[C[C[C[C[C[C[C[C[C[C[C[C[C[C[C[C[C[C[14Pcommit -a -m 'completing lab1'status -s[Kmerge -m 'merged master' masterstatus -s[Kcommit -a -m 'completing lab1'add submit/lab1/.nfs0000000c1c8db83100001f49[C[C[C[C[C[C[C[C[C[C[C[C[C[C[C[C[C[C[C[C[C[C[C[C[C[C[C[C[C[C[C[14Pcommit -a -m 'completing lab1'push[Kcheckout master[2Pmerge lab1 -m 'merged mas[K[K[Klab1'
Updating b4c0f5a..3a33402
error: The following untracked working tree files would be overwritten by merge:
	submit/lab1/.nfs0000000c1c8db83100001f49
Please move or remove them before you merge.
Aborting
psammon1@remote07:~/i220a$ cd submit/lab1/
psammon1@remote07:~/i220a/submit/lab1$ git stash
No local changes to save
psammon1@remote07:~/i220a/submit/lab1$ ls
exercises
psammon1@remote07:~/i220a/submit/lab1$ rm .nfs0000000c1c8db83100001f49 [K
rm: cannot remove '.nfs0000000c1c8db83100001f49': Device or resource busy
psammon1@remote07:~/i220a/submit/lab1$ rm .nfs0000000c1c8db83100001f49ls[Kgit stash[K[K[K[K[K[K[K[K[Kcd submit/lab1/git merge lab1 -m 'merged lab1'[12Pcheckout masterpush[Kcommit -a -m 'completing lab1'add submit/lab1/.nfs0000000c1c8db83100001f49[14Pcommit -a -m 'completing lab1'status -s[Kmerge -m 'merged master' master[18Pcheckout lab1pull[Kcheckout master[6Pbranch -lcheckout lab1[8Pstashcheckout lab1[4Pbranch -lpush -u origin lab1[10Pbranch -l[3Pcd ~/i220a[2Pgit pushcommit -m 'completed exercise 2'add .[Kcd ~/i220a/submit/lab1make[Kvim Makefile[8Pmakevim Makefilecd ~/cs220/labs/lab1/exercises/3-multifile/[C[C[C[C[C[C[C[C[C[C[C[C[C[C[C[C[C[C[C[C[C[C[C[C[C[C[C[C[C[C[C[C[C[C[C[C[C[C[Cmake count-bin[K[2Pvim Makefilecd ~/cs220/labs/lab1/exercises/2-err/ls | wc -l[Kcd /usr/bin ;make count-bin[2Pvim Makefile[8Pmakevim Makefilels[Kmakecd ~/cs220/labs/lab1/exercises/2-err/./hello[Kmake hello[5Pls -lcd 1-hello/~/cs220/labs/lab1/exercisesgit push[Kmerge lab4 -m 'merged lab4'[12Pcheckout masterpush[Kcommit -a -m 'completing lab4'status -s[Kmerge -m 'merged master' master[18Pcheckout lab4pull[Kcheckout masterommit -a -m 'completing lab4'status -s[Kmerge -m 'merged master' master[18Pcheckout lab4[4Pbranch -1[3Pcd ~/i220ascript -a lab4.LOGgit push -u origin lab4[5Pscript -a lab4.LOG[8Pcd ~/i220ascript -a lab4.LOGgit push -u origin lab4commit -m 'started lab4'add .[K[27@cp -pr ~/cs220/labs/lab4/exercises[C[C[14Pd ~/i220a/submit/lab4[2Pgit checkout -b lab4[10Pcd ~/i220asubmit/lab4[6@mkdir -p[C[C[C[C[C[C[C[C[C[C[C[Cgit checkout -b lab4[10Pcd ~/i220a[2Pgit pullcd ~/cs220s[C[C[C[C[C[C[C[C[6Pbashdel cast.types.cbash[Kcs ~/cs220d[C[C[C[C[C[C[C[C[2Pgit pullcd ~/i220agit checkout -b lab4mkdir -p submit/lab4[6Pcd[C[C[C[C[C[C[C[C[C[C[C[C[4P~/i220agit checkout -b lab4cd ~/i220a/submit/lab4p -pr ~/cs220/labs/lab4/exercises .git add .[Kcommit -m 'started lab4'[5Ppush -u origin lab4[5Pscript -a lab4.LOG[8Pcd ~/i220agit branch -1checkout lab4merge -m 'merged master' masterstatus -s[Kcommit -a -m 'completing lab4'[15Pheckout masterpull[Kcheckout lab4merge -m 'merged master' masterstatus -s[Kcommit -a -m 'completing lab4'push[Kcheckout mastermerge lab4 -m 'merged lab4'push[Kcd ~/cs220/labs/lab1/exercises1-hello/[K[6Pls -lmake hello[3P./hellocd ~/cs220/labs/lab1/exercises/2-err/make[K[2Plsvim Makefile[8Pmakevim Makefilemake count-bin[1Pcd /usr/bin ;[3Pls | wc -lcd ~/cs220/labs/lab1/exercises/2-err/vim Makefile[Kmake count-bincd ~/cs220/labs/lab1/exercises/3-multifile/[C[C[C[C[C[C[C[C[C[C[C[C[C[C[C[C[C[C[C[C[C[C[C[C[C[C[C[C[C[C[C[C[C[C[C[C[C[C[Cvim Makefile[K[8Pmakevim Makefile[8Pmakecd ~/i220a/submit/lab1[13Pgit add .commit -m 'completed exercise 2'push[Kcd ~/i220agit branch -lpush -u origin lab1[10Pbranch -lcheckout lab1[8Pstashcheckout lab1[4Pbranch -lcheckout masterpull[Kcheckout lab1merge -m 'merged master' masterstatus -s[Kcommit -a -m 'completing lab1'add submit/lab1/.nfs0000000c1c8db83100001f49[14Pcommit -a -m 'completing lab1'push[Kcheckout mastermerge lab1 -m 'merged lab1'[16Pcd submit/lab1/[Klsrm .nfs0000000c1c8db83100001f49[Kscript [K[K[K[K[K[K[Kscript -a lab1.LOG
Script started, file is lab1.LOG
psammon1@remote07:~/i220a/submit/lab1$ git pushmerge lab4 -m 'merged lab4'[12Pcheckout masterpush[Kcommit -a -m 'completing lab4'push[Kcheckout mastermerge lab4 -m 'merged lab4'push[K[Kcd ~/cs220/labs/lab1/exercises/3-multifile/
psammon1@remote07:~/cs220/labs/lab1/exercises/3-multifile$ vim Makefie
[?1000h[?2004h[?1049h[22;0;0t[?1h=[?2004h[1;49r[?12h[?12l[22;2t[22;1t[27m[23m[29m[m[H[2J[?25l[49;1H"Makefie" [New File][2;1Hâ–½[6n[2;1H  [1;1H[>c]10;?]11;?[2;1H[1m[34m~                                                                                            [3;1H~                                                                                            [4;1H~                                                                                            [5;1H~                                                                                            [6;1H~                                                                                            [7;1H~                                                                                            [8;1H~                                                                                            [9;1H~                                                                                            [10;1H~                                                                                            [11;1H~                                                                                            [12;1H~                                                                                            [13;1H~                                                                                            [14;1H~                                                                                            [15;1H~                                                                                            [16;1H~                                                                                            [17;1H~                                                                                            [18;1H~                                                                                            [19;1H~                                                                                            [20;1H~                                                                                            [21;1H~                                                                                            [22;1H~                                                                                            [23;1H~                                                                                            [24;1H~                                                                                            [25;1H~                                                                                            [26;1H~                                                                                            [27;1H~                                                                                            [28;1H~                                                                                            [29;1H~                                                                                            [30;1H~                                                                                            [31;1H~                                                                                            [32;1H~                                                                                            [33;1H~                                                                                            [34;1H~                                                                                            [35;1H~                                                                                            [36;1H~                                                                                            [37;1H~                                                                                            [38;1H~                                                                                            [39;1H~                                                                                            [40;1H~                                                                                            [41;1H~                                                                                            [42;1H~                                                                                            [43;1H~                                                                                            [44;1H~                                                                                            [45;1H~                                                                                            [46;1H~                                                                                            [47;1H~                                                                                            [48;1H~                                                                                            [m[49;76H0,0-1[9CAll[1;1H[?25h[?1000l[?1002h[?25l[49;66H^[[1;1H[49;66H  [1;1H[49;66H^[[1;1H[49;66H  [1;1H[?25h[?25l[49;66H:[1;1H[49;1H[K[49;1H:[?2004h[?25hw[?25l[?25hq[?25l[?25h[?25l[?1002l[?2004l"Makefie" [New] 0L, 0C written[23;2t[23;1t[22;2t[22;1t[23;2t[23;1t
[?2004l[?1l>[?25h[?1049l[23;0;0tpsammon1@remote07:~/cs220/labs/lab1/exercises/3-multifile$ vim Makefie[K[K[K[K[K[K[K[K[K[K[Kls
main.c	main.o	Makefie  Makefile  quadr  quadr.c  quadr.h  quadr.o  README  test.data
psammon1@remote07:~/cs220/labs/lab1/exercises/3-multifile$ rm make[K[K[K[KMakefie
psammon1@remote07:~/cs220/labs/lab1/exercises/3-multifile$ rm Makefie[K[Kills[Kvim Makefie[Kle
[?1000h[?2004h[?1049h[22;0;0t[?1h=[?2004h[1;49r[?12h[?12l[22;2t[22;1t[27m[23m[29m[m[H[2J[?25l[49;1H"Makefile" 11L, 178C[2;1Hâ–½[6n[2;1H  [1;1H[>c]10;?]11;?[1;1H[36mPROJECT [m= quadr

[36mCFLAGS [m= -g -Wall -std=c11
[36mLDFLAGS [m= -lm

[36m$(PROJECT):[m     quadr.o main.o
[31m                [m[36m$(CC)[m[31m [m[36m$(LDFLAGS)[m[31m quadr.o main.o -o [m[36m$@

clean:[m
[31m                rm -f *.o [m[36m$(PROJECT)[m[31m [m[36m$(PROJECT)[m[31m.tar.gz[m

[1m[34m~                                                                                            [13;1H~                                                                                            [14;1H~                                                                                            [15;1H~                                                                                            [16;1H~                                                                                            [17;1H~                                                                                            [18;1H~                                                                                            [19;1H~                                                                                            [20;1H~                                                                                            [21;1H~                                                                                            [22;1H~                                                                                            [23;1H~                                                                                            [24;1H~                                                                                            [25;1H~                                                                                            [26;1H~                                                                                            [27;1H~                                                                                            [28;1H~                                                                                            [29;1H~                                                                                            [30;1H~                                                                                            [31;1H~                                                                                            [32;1H~                                                                                            [33;1H~                                                                                            [34;1H~                                                                                            [35;1H~                                                                                            [36;1H~                                                                                            [37;1H~                                                                                            [38;1H~                                                                                            [39;1H~                                                                                            [40;1H~                                                                                            [41;1H~                                                                                            [42;1H~                                                                                            [43;1H~                                                                                            [44;1H~                                                                                            [45;1H~                                                                                            [46;1H~                                                                                            [47;1H~                                                                                            [48;1H~                                                                                            [m[49;76H4,14[10CAll[4;14H[?25h[?1000l[?1002h[?25l[49;76H7,9-23[7;23H[?25h[?25l[49;66Hi[7;23H[49;66H [7;23H[49;1H[1m-- INSERT --[m[49;13H[K[49;76H7,9-23[8CAll[7;23H[?25h[?25l[49;78H38-52[7;52H[?25h[?25l[49;79H2-46[7;46H[?25h[?25l[49;76H6,27-31[6;31H[?25h[?25l[49;79H8-32[6;32H[?25h[?25l$[49;79H9-33[6;33H[?25h[?25l[36m$([m[49;78H30-34[6;34H[?25h[?25l[36mL[m[49;79H1-35[6;35H[?25h[?25l[36mD[m[49;79H2-36[6;36H[?25h[?25l[36mF[m[49;79H3-37[6;37H[?25h[?25l[36mL[m[49;79H4-38[6;38H[?25h[?25l[36mA[m[49;79H5-39[6;39H[?25h[?25l[36mG[m[49;79H6-40[6;40H[?25h[?25l[36mS[m[49;79H7-41[6;41H[?25h[?25l[36m)[m[6;33H[36m[46m([7C)[m[49;79H8-42[6;42H[?25h[?25l[6;33H[36m([7C)[m[7;24H[36m[46m([7C)[m[49;76H7,18-3[7;32H[?25h[?25l[49;79H9-33[7;33H[?25h[?25l[36m[46m [m[36mquadr.o main.o -o $@[m[7;53H[K[10;1H[36m                rm -f *.o [10C [10C.tar.gz[7;24H([7C [m[49;79H8-32[7;32H[?25h[?25l[1C[36m quadr.o main.o -o $@[m[49;79H9-33[7;33H[?25h[?25l[36mquadr.o main.o -o $@[m[7;53H[K[49;79H8-32[7;32H[?25h[?25l[1C[36m quadr.o main.o -o $@[m[49;79H9-33[7;33H[?25h[?25l[49;79H8-32[7;32H[?25h[?25l[36m  quadr.o main.o -o $@[m[7;53H[K[49;79H7-31[7;31H[?25h[?25l[36m  quadr.o main.o -o $@[m[7;52H[K[49;79H6-30[7;30H[?25h[?25l[36m  quadr.o main.o -o $@[m[7;51H[K[49;79H5-29[7;29H[?25h[?25l[36m  quadr.o main.o -o $@[m[7;50H[K[49;79H4-28[7;28H[?25h[?25l[36m  quadr.o main.o -o $@[m[7;49H[K[49;79H3-27[7;27H[?25h[?25l[36m  quadr.o main.o -o $@[m[7;48H[K[49;79H2-26[7;26H[?25h[?25l[36m  quadr.o main.o -o $@[m[7;47H[K[49;79H1-25[7;25H[?25h[?25l[36m [m[31m quadr.o main.o -o [m[36m$@[m[7;46H[K[10;1H[31m                rm -f *.o [10C [10C.tar.gz[m[49;79H0-24[7;24H[?25h[?25l[31m  quadr.o main.o -o [m[36m$@[m[7;45H[K[49;78H9-23 [7;23H[?25h[?25l[1C[31mquadr.o main.o -o [m[36m$@[m[7;44H[K[7;18H[36m[46m([2C)[m[49;78H8-22[7;22H[?25h[?25l[36m(CC)[m[49;76H5,1   [5;1H[?25h[?25l[49;76H7,9-23[7;23H[?25h[49;1H[K[7;22H[?25l[49;66H^[[7;22H[49;66H  [7;23H[49;76H7,8-22[8CAll[7;22H[?25h[?25l[49;66H:[7;22H[49;66H[K[49;1H:[?2004h[?25hw[?25l[?25hq[?25l[?25h[?25l[?1002l[?2004l"Makefile" 11L, 179C written[23;2t[23;1t[22;2t[22;1t[23;2t[23;1t
[?2004l[?1l>[?25h[?1049l[23;0;0tpsammon1@remote07:~/cs220/labs/lab1/exercises/3-multifile$ make
make: 'quadr' is up to date.
psammon1@remote07:~/cs220/labs/lab1/exercises/3-multifile$ ./[K[Kls
main.c	main.o	Makefile  quadr  quadr.c  quadr.h  quadr.o  README  test.data
psammon1@remote07:~/cs220/labs/lab1/exercises/3-multifile$ ./quadr
2 3 5
a = 2, b = 3, c = 5, root1 = -nan, root2 = -nan
./quadr < test.data
<stdin>:2: must have 3 doubles: bad input line ./quadr < test.data
psammon1@remote07:~/cs220/labs/lab1/exercises/3-multifile$ ./quadr
1 -3 4
a = 1, b = -3, c = 4, root1 = -nan, root2 = -nan
1 3 4
a = 1, b = 3, c = 4, root1 = -nan, root2 = -nan
psammon1@remote07:~/cs220/labs/lab1/exercises/3-multifile$ ls
main.c	main.o	Makefile  quadr  quadr.c  quadr.h  quadr.o  README  test.data
psammon1@remote07:~/cs220/labs/lab1/exercises/3-multifile$ vim test.data
[?1000h[?2004h[?1049h[22;0;0t[?1h=[?2004h[1;49r[?12h[?12l[22;2t[22;1t[27m[23m[29m[m[H[2J[?25l[49;1H"test.data" 4L, 28C[2;1Hâ–½[6n[2;1H  [1;1H[>c]10;?]11;?[1;1H2 6 4
1 5 -2
2 3 4 5
1 2+ 3
[1m[34m~                                                                                            [6;1H~                                                                                            [7;1H~                                                                                            [8;1H~                                                                                            [9;1H~                                                                                            [10;1H~                                                                                            [11;1H~                                                                                            [12;1H~                                                                                            [13;1H~                                                                                            [14;1H~                                                                                            [15;1H~                                                                                            [16;1H~                                                                                            [17;1H~                                                                                            [18;1H~                                                                                            [19;1H~                                                                                            [20;1H~                                                                                            [21;1H~                                                                                            [22;1H~                                                                                            [23;1H~                                                                                            [24;1H~                                                                                            [25;1H~                                                                                            [26;1H~                                                                                            [27;1H~                                                                                            [28;1H~                                                                                            [29;1H~                                                                                            [30;1H~                                                                                            [31;1H~                                                                                            [32;1H~                                                                                            [33;1H~                                                                                            [34;1H~                                                                                            [35;1H~                                                                                            [36;1H~                                                                                            [37;1H~                                                                                            [38;1H~                                                                                            [39;1H~                                                                                            [40;1H~                                                                                            [41;1H~                                                                                            [42;1H~                                                                                            [43;1H~                                                                                            [44;1H~                                                                                            [45;1H~                                                                                            [46;1H~                                                                                            [47;1H~                                                                                            [48;1H~                                                                                            [m[49;76H1,1[11CAll[1;1H[?25h[?1000l[?1002h[?25l[49;76H4,6[4;6H[?25h[?25l[49;78H5[4;5H[?25h[?25l[49;66H~@k[4;5H[49;66H   [4;4H[49;78H4[4;4H[?25h[?25l[49;66Hi[4;4H[49;66H [4;4H[49;1H[1m-- INSERT --[m[49;13H[K[49;76H4,4[11CAll[4;4H[?25h[?25l[49;78H5[4;5H[?25h[?25l 3[4;6H[K[49;78H4[4;4H[?25h[?25l[49;78H6[4;6H[?25h[49;1H[K[4;5H[?25l[49;66H^[[4;5H[49;66H  [4;6H[49;76H4,5[11CAll[4;5H[?25h[?25l[49;66H^[[4;5H[49;66H  [4;5H[49;66H^[[4;5H[49;66H  [4;5H[?25h[?25l[49;66H:[4;5H[49;66H[K[49;1H:[?2004h[?25hw[?25l[?25hq[?25l[?25h[?25l[?1002l[?2004l"test.data" 4L, 27C written[23;2t[23;1t[22;2t[22;1t[23;2t[23;1t
[?2004l[?1l>[?25h[?1049l[23;0;0tpsammon1@remote07:~/cs220/labs/lab1/exercises/3-multifile$ vim test.datals[K./quadrls[Kmakevim Makefile[2Prm Makefills[Kvim Makefiecd ~/cs220/labs/lab1/exercises/3-multifile/[A[C[C[C[C[C[C[C[C[C[C[C[C[C[C[C[C[C[C[C[C[C[C[C[C[C[C[C[C[C[C[C[C[C[C[C[C[C[C[C[C[C[C[C[C[C[C[C[C[C[Cgit push[K
[K[A[C[C[C[C[C[C[C[C[C[C[C[C[C[C[C[C[C[C[C[C[C[C[C[C[C[C[C[C[C[C[C[C[C[C[C[C[C[C[C[C[C[C[C[C[C[C[C[C[C[C[C[C[C[C[C[C[C[C[C[C[C[C[C[C[C[C[Cmerge lab4 -m 'merged lab4'[12Pcheckout mastermerge lab4 -m 'merged lab4'push[Kcd ~/cs220/labs/lab1/exercises/3-multifile/[A[C[C[C[C[C[C[C[C[C[C[C[C[C[C[C[C[C[C[C[C[C[C[C[C[C[C[C[C[C[C[C[C[C[C[C[C[C[C[C[C[C[C[C[C[C[C[C[C[C[Cvim Makefie[K
[K[A[C[C[C[C[C[C[C[C[C[C[C[C[C[C[C[C[C[C[C[C[C[C[C[C[C[C[C[C[C[C[C[C[C[C[C[C[C[C[C[C[C[C[C[C[C[C[C[C[C[C[C[C[C[C[C[C[C[C[C[C[C[C[C[C[C[C[C[C[C[Cls[Krm Makefilvim Makefile[8Pmake[2Pls./quadrls[Kvim test.data[Kvim test.datals[K./quadr < test.data
a = 2, b = 6, c = 4, root1 = -1, root2 = -2
a = 1, b = 5, c = -2, root1 = 0.372281, root2 = -5.37228
a = 2, b = 3, c = 4, root1 = -nan, root2 = -nan
a = 1, b = 2, c = 3, root1 = -nan, root2 = -nan
psammon1@remote07:~/cs220/labs/lab1/exercises/3-multifile$ touch[K[K[K[K[Kmake
make: 'quadr' is up to date.
psammon1@remote07:~/cs220/labs/lab1/exercises/3-multifile$ vim Makefile
[?1000h[?2004h[?1049h[22;0;0t[?1h=[?2004h[1;49r[?12h[?12l[22;2t[22;1t[27m[23m[29m[m[H[2J[?25l[49;1H"Makefile" 11L, 179C[2;1Hâ–½[6n[2;1H  [1;1H[>c]10;?]11;?[1;1H[36mPROJECT [m= quadr

[36mCFLAGS [m= -g -Wall -std=c11
[36mLDFLAGS [m= -lm

[36m$(PROJECT):[m     quadr.o main.o [36m$(LDFLAGS)[m
[31m                [m[36m$(CC)[m[31m  quadr.o main.o -o [m[36m$@

clean:[m
[31m                rm -f *.o [m[36m$(PROJECT)[m[31m [m[36m$(PROJECT)[m[31m.tar.gz[m

[1m[34m~                                                                                            [13;1H~                                                                                            [14;1H~                                                                                            [15;1H~                                                                                            [16;1H~                                                                                            [17;1H~                                                                                            [18;1H~                                                                                            [19;1H~                                                                                            [20;1H~                                                                                            [21;1H~                                                                                            [22;1H~                                                                                            [23;1H~                                                                                            [24;1H~                                                                                            [25;1H~                                                                                            [26;1H~                                                                                            [27;1H~                                                                                            [28;1H~                                                                                            [29;1H~                                                                                            [30;1H~                                                                                            [31;1H~                                                                                            [32;1H~                                                                                            [33;1H~                                                                                            [34;1H~                                                                                            [35;1H~                                                                                            [36;1H~                                                                                            [37;1H~                                                                                            [38;1H~                                                                                            [39;1H~                                                                                            [40;1H~                                                                                            [41;1H~                                                                                            [42;1H~                                                                                            [43;1H~                                                                                            [44;1H~                                                                                            [45;1H~                                                                                            [46;1H~                                                                                            [47;1H~                                                                                            [48;1H~                                                                                            [m[49;76H7,8-22[8CAll[7;22H[?25h[?1000l[?1002h[?25l[49;66Hi[7;22H[49;66H [7;22H[49;1H[1m-- INSERT --[m[49;13H[K[49;76H7,8-22[8CAll[7;22H[?25h[?25l[6;33H[36m[46m([7C)[m[49;76H6,38-42[6;42H[?25h[?25l[6;33H[36m([7C)[m[49;76H7,30-44[7;44H[?25h[?25l[8;48r[8;1H[L[1;49r[8;1H[31m                [m[49;76H[K[49;76H8,3-17[8CAll[8;17H[?25h[?25l[8;9H[K[49;78H2-9 [8;9H[?25h[?25l[8;1H[K[49;78H1  [8;1H[?25h[?25l[7;48r[48;1H
[1;49r[7;1H[31m                [m[36m$(CC)[m[31m  quadr.o main.o -o [m[36m$@[m[48;1H[1m[34m~                                                                                            [m[49;76H[K[49;76H7,30-44[7CAll[7;44H[?25h[?25l[8;48r[8;1H[L[1;49r[8;1H[31m                [m[49;76H[K[49;76H8,3-17[8CAll[8;17H[?25h[?25l[8;9H[K[49;78H2-9 [8;9H[?25h[?25l[8;1H[K[49;78H1  [8;1H[?25h[?25l[9;48r[9;1H[L[1;49r[49;76H[K[49;76H9,1[11CAll[9;1H[?25h[?25ld[49;78H2[9;2H[?25h[?25le[49;78H3[9;3H[?25h[?25lp[49;78H4[9;4H[?25h[?25le[49;78H5[9;5H[?25h[?25ln[49;78H6[9;6H[?25h[?25ld[49;78H7[9;7H[?25h[?25l[36mdepend:[m[49;78H8[9;8H[?25h[?25l[10;48r[10;1H[L[1;49r[10;1H[31m        [m[49;76H[K[49;76H10,2-9[8CAll[10;9H[?25h[?25l[31m$[m[49;79H3-10[10;10H[?25h[?25l[36m$(


                rm -f *.o [10C [10C.tar.gz[m[49;79H4-11[10;11H[?25h[?25l[36mC[m[49;79H5-12[10;12H[?25h[?25l[36mC[m[49;79H6-13[10;13H[?25h[?25l[36m)[m


[31m                rm -f *.o [10C [10C.tar.gz[m[10;10H[36m[46m([2C)[m[49;79H7-14[10;14H[?25h[?25l[10;13H[K[13;1H[36m                rm -f *.o [10C [10C.tar.gz[10;10H([m[49;79H6-13[10;13H[?25h[?25l[36m)[m


[31m                rm -f *.o [10C [10C.tar.gz[m[10;10H[36m[46m([2C)[m[49;79H7-14[10;14H[?25h[?25l[31m [m[36m(CC)[m[49;79H8-15[10;15H[?25h[?25l[31m-[m[49;79H9-16[10;16H[?25h[?25l[31mM[m[49;79H10-17[10;17H[?25h[?25l[31mM[m[49;80H1-18[10;18H[?25h[?25l[31m [m[49;80H2-19[10;19H[?25h[?25l[31m$[m[49;80H3-20[10;20H[?25h[?25l[36m$(


                rm -f *.o [10C [10C.tar.gz[m[49;80H4-21[10;21H[?25h[?25l[36mC[m[49;80H5-22[10;22H[?25h[?25l[36mP[m[49;80H6-23[10;23H[?25h[?25l[36mP[m[49;80H7-24[10;24H[?25h[?25l[36mF[m[49;80H8-25[10;25H[?25h[?25l[36mL[m[49;80H9-26[10;26H[?25h[?25l[36mA[m[49;79H20-27[10;27H[?25h[?25l[36mG[m[49;80H1-28[10;28H[?25h[?25l[36mS[m[49;80H2-29[10;29H[?25h[?25l[36m)[m


[31m                rm -f *.o [10C [10C.tar.gz[m[10;20H[36m[46m([8C)[m[49;80H3-30[10;30H[?25h[?25l[31m [m[10;20H[36m([8C)[m[49;80H4-31[10;31H[?25h[?25l[31m*[m[49;80H5-32[10;32H[?25h[?25l[31m.[m[49;80H6-33[10;33H[?25h[?25l[31mc[m[49;80H7-34[10;34H[?25h[49;1H[K[10;33H[?25l[49;66H^[[10;33H[49;66H  [10;34H[49;76H10,26-33      All[10;33H[?25h[?25l[49;66H:[10;33H[49;66H[K[49;1H:[?2004h[?25hw[?25l[?25hq[?25l[?25h[?25l[?1002l[?2004l"Makefile" 14L, 215C written[23;2t[23;1t[22;2t[22;1t[23;2t[23;1t
[?2004l[?1l>[?25h[?1049l[23;0;0tpsammon1@remote07:~/cs220/labs/lab1/exercises/3-multifile$ make depend
cc -MM  *.c
main.o: main.c quadr.h
quadr.o: quadr.c quadr.h
psammon1@remote07:~/cs220/labs/lab1/exercises/3-multifile$ ^C
psammon1@remote07:~/cs220/labs/lab1/exercises/3-multifile$ main.o: main.c quadr.h
bash: main.o:: command not found
psammon1@remote07:~/cs220/labs/lab1/exercises/3-multifile$ quadr.o: quadr.c quadr.h
bash: quadr.o:: command not found
psammon1@remote07:~/cs220/labs/lab1/exercises/3-multifile$ vim Makefile
[?1000h[?2004h[?1049h[22;0;0t[?1h=[?2004h[1;49r[?12h[?12l[22;2t[22;1t[27m[23m[29m[m[H[2J[?25l[49;1H"Makefile" 14L, 215C[2;1Hâ–½[6n[2;1H  [1;1H[>c]10;?]11;?[1;1H[36mPROJECT [m= quadr

[36mCFLAGS [m= -g -Wall -std=c11
[36mLDFLAGS [m= -lm

[36m$(PROJECT):[m     quadr.o main.o [36m$(LDFLAGS)[m
[31m                [m[36m$(CC)[m[31m  quadr.o main.o -o [m[36m$@

depend:[m
[31m        [m[36m$(CC)[m[31m -MM [m[36m$(CPPFLAGS)[m[31m *.c[m

[36mclean:[m
[31m                rm -f *.o [m[36m$(PROJECT)[m[31m [m[36m$(PROJECT)[m[31m.tar.gz[m

[1m[34m~                                                                                            [16;1H~                                                                                            [17;1H~                                                                                            [18;1H~                                                                                            [19;1H~                                                                                            [20;1H~                                                                                            [21;1H~                                                                                            [22;1H~                                                                                            [23;1H~                                                                                            [24;1H~                                                                                            [25;1H~                                                                                            [26;1H~                                                                                            [27;1H~                                                                                            [28;1H~                                                                                            [29;1H~                                                                                            [30;1H~                                                                                            [31;1H~                                                                                            [32;1H~                                                                                            [33;1H~                                                                                            [34;1H~                                                                                            [35;1H~                                                                                            [36;1H~                                                                                            [37;1H~                                                                                            [38;1H~                                                                                            [39;1H~                                                                                            [40;1H~                                                                                            [41;1H~                                                                                            [42;1H~                                                                                            [43;1H~                                                                                            [44;1H~                                                                                            [45;1H~                                                                                            [46;1H~                                                                                            [47;1H~                                                                                            [48;1H~                                                                                            [m[49;76H10,26-33      All[10;33H[?25h[?1000l[?1002h[?25l[49;66Hi[10;33H[49;66H [10;33H[49;1H[1m-- INSERT --[m[49;13H[K[49;76H10,26-33      All[10;33H[?25h[?25l[49;77H3,41-55[13;55H[?25h[?25l[14;48r[14;1H[L[1;49r[14;1H[31m                [m[49;76H[K[49;76H14,3-17[7CAll[14;17H[?25h[?25l[15;48r[15;1H[L[1;49r[14;1H[K[49;76H[K[49;76H15,1[10CAll[15;1H[?25h[?25l[49;4H[1m(insert)- VISUAL --[m[49;76H[K[49;66H1[15;1H[49;76H15,0-1[8CAll[15;1H[?25h[?25l[?25h[?25l[49;66H^P[15;1H[49;66H2 [14;1H
[7m [m[49;77H4[14;1H[?25h[?25l[49;66Hp[14;1H[49;1H3 more lines[49;13H[K[15;1H[K[17;1H[K[49;1H[1m-- INSERT --[m[63C15,1[10CAll3 more lines [49;76H[K[15;1H[?25h[?25l[49;1H[1m-- INSERT --[m[63C15,1[10CAll[15;1Hp[49;79H2[15;2H[?25h[?25l[15;1H[K[49;79H1[15;1H[?25h[34m^[?25l[m[49;66H^V[15;1H[?25h [?25l[49;66H  [15;1H[34m^[[mOB[49;79H4-5[15;5H[?25h[?25l[49;77H6,2  [16;2H[?25h[?25l[49;77H7,1[17;1H[?25h[?25l[1m[34m~                                                                                            [m[49;77H6,2[16;2H[?25h[?25l[49;79H1[16;1H[?25h[?25l[1m[34m~                                                                                            [m[49;77H5,4-5[15;5H[?25h[?25l[15;4H[K[49;79H3-4[15;4H[?25h[?25l[15;3H[K[49;79H2-3[15;3H[?25h[?25l[15;1H[K[49;79H1  [15;1H[?25h[?25l[1m[34m~                                                                                            [m[49;77H4[14;1H[?25h[?25lm[49;79H2[14;2H[?25h[?25la[49;79H3[14;3H[?25h[?25li[49;79H4[14;4H[?25h[?25ln[49;79H5[14;5H[?25h[?25l.[49;79H6[14;6H[?25h[?25lo[49;79H7[14;7H[?25h[?25l[49;77H3,41-55[13;55H[?25h[?25l[14;48r[14;1H[L[1;49r[14;1H[31m                [m[49;76H[K[49;76H14,3-17[7CAll[14;17H[?25h[?25l[14;1H[K[49;77H5,7   [15;7H[?25h[?25l[36mmain.o:[m[49;79H8[15;8H[?25h[?25l
[31m        [m[16;9H[K[49;77H6,2-9[16;9H[?25h[?25l[16;1H[K[49;77H5,8  [15;8H[?25h[?25l[36m [m[49;79H9[15;9H[?25h[?25l[15;8H[K[49;79H8[15;8H[?25h[?25l[36m [m[49;79H9[15;9H[?25h[?25l[36m        [m[49;79H10-17[15;17H[?25h[?25l[15;8H         m[49;80H1-18[15;18H[?25h[?25la[49;80H2-19[15;19H[?25h[?25li[49;80H3-20[15;20H[?25h[?25ln[49;80H4-21[15;21H[?25h[?25l.[49;80H5-22[15;22H[?25h[?25lc[49;80H6-23[15;23H[?25h[?25l[49;80H7-24[15;24H[?25h[?25lq[49;80H8-25[15;25H[?25h[?25lu[49;80H9-26[15;26H[?25h[?25la[49;79H20-27[15;27H[?25h[?25ld[49;80H1-28[15;28H[?25h[?25lr[49;80H2-29[15;29H[?25h[?25l.[49;80H3-30[15;30H[?25h[?25lh[49;80H4-31[15;31H[?25h[?25l[16;48r[16;1H[L[1;49r[16;1H[31m        [m[49;76H[K[49;76H16,2-9[8CAll[16;9H[?25h[?25l[17;48r[17;1H[L[1;49r[16;1H[K[49;76H[K[49;76H17,1[10CAll[17;1H[?25h[?25lq[49;79H2[17;2H[?25h[?25lu[49;79H3[17;3H[?25h[?25la[49;79H4[17;4H[?25h[?25ld[49;79H5[17;5H[?25h[?25lr[49;79H6[17;6H[?25h[?25l.[49;79H7[17;7H[?25h[?25lo[49;79H8[17;8H[?25h[?25l[36mquadr.o:[m[49;79H9[17;9H[?25h[?25l[36m        [m[49;79H10-17[17;17H[?25h[?25l[36m        [m[49;80H1-25[17;25H[?25h[?25l[17;17H[K[49;80H0-17[17;17H[?25h[?25l[17;9H        q[49;80H1-18[17;18H[?25h[?25lu[49;80H2-19[17;19H[?25h[?25la[49;80H3-20[17;20H[?25h[?25lr[49;80H4-21[17;21H[?25h[?25l[17;20H[K[49;80H3-20[17;20H[?25h[?25ld[49;80H4-21[17;21H[?25h[?25lr[49;80H5-22[17;22H[?25h[?25l.[49;80H6-23[17;23H[?25h[?25lc[49;80H7-24[17;24H[?25h[?25l[49;80H8-25[17;25H[?25h[?25lq[49;80H9-26[17;26H[?25h[?25lu[49;79H20-27[17;27H[?25h[?25la[49;80H1-28[17;28H[?25h[?25ld[49;80H2-29[17;29H[?25h[?25lr[49;80H3-30[17;30H[?25h[?25l.[49;80H4-31[17;31H[?25h[?25lh[49;80H5-32[17;32H[?25h[?25l[18;48r[18;1H[L[1;49r[18;1H[31m        [m[49;76H[K[49;76H18,2-9[8CAll[18;9H[?25h[?25l[18;1H[K[49;77H6,1  [16;1H[?25h[?25l[49;77H5,24-31[15;31H[?25h[?25l[16;48r[16;1H[L[1;49r[16;1H[31m        [m[49;76H[K[49;76H16,2-9[8CAll[16;9H[?25h[?25l[31m        [m[49;79H3-17[16;17H[?25h[?25l[31mg[m[49;79H4-18[16;18H[?25h[?25l[31mc[m[49;79H5-19[16;19H[?25h[?25l[31mc[m[49;79H6-20[16;20H[?25h[?25l[31m [m[49;79H7-21[16;21H[?25h[?25l[31m-[m[49;79H8-22[16;22H[?25h[?25l[31ms[m[49;79H9-23[16;23H[?25h[?25l[31mt[m[49;79H10-24[16;24H[?25h[?25l[31md[m[49;80H1-25[16;25H[?25h[?25l[31m=[m[49;80H2-26[16;26H[?25h[?25l[31mc[m[49;80H3-27[16;27H[?25h[?25l[31m1[m[49;80H4-28[16;28H[?25h[?25l[31m1[m[49;80H5-29[16;29H[?25h[?25l[31m [m[49;80H6-30[16;30H[?25h[?25l[31m-[m[49;80H7-31[16;31H[?25h[?25l[31mg[m[49;80H8-32[16;32H[?25h[?25l[31m [m[49;80H9-33[16;33H[?25h[?25l[31m-[m[49;79H20-34[16;34H[?25h[?25l[31mW[m[49;80H1-35[16;35H[?25h[?25l[31ma[m[49;80H2-36[16;36H[?25h[?25l[31ma[m[49;80H3-37[16;37H[?25h[?25l[16;36H[K[49;80H2-36[16;36H[?25h[?25l[31ml[m[49;80H3-37[16;37H[?25h[?25l[31ml[m[49;80H4-38[16;38H[?25h[?25l[31m [m[49;80H5-39[16;39H[?25h[?25l[31m-[m[49;80H6-40[16;40H[?25h[?25l[31mc[m[49;80H7-41[16;41H[?25h[?25l[31m [m[49;80H8-42[16;42H[?25h[?25l[31mm[m[49;80H9-43[16;43H[?25h[?25l[31ma[m[49;79H30-44[16;44H[?25h[?25l[31mi[m[49;80H1-45[16;45H[?25h[?25l[31mn[m[49;80H2-46[16;46H[?25h[?25l[31m.[m[49;80H3-47[16;47H[?25h[?25l[31mc[m[49;80H4-48[16;48H[?25h[?25l[49;77H9,1    [19;1H[?25h[?25l[31m        [m[49;79H2-9[19;9H[?25h[?25l[31m        [m[49;79H3-17[19;17H[?25h[?25l[31mg[m[49;79H4-18[19;18H[?25h[?25l[31mc[m[49;79H5-19[19;19H[?25h[?25l[31mc[m[49;79H6-20[19;20H[?25h[?25l[31m [m[49;79H7-21[19;21H[?25h[?25l[31m-[m[49;79H8-22[19;22H[?25h[?25l[31ms[m[49;79H9-23[19;23H[?25h[?25l[31mt[m[49;79H10-24[19;24H[?25h[?25l[31md[m[49;80H1-25[19;25H[?25h[?25l[31m=[m[49;80H2-26[19;26H[?25h[?25l[31mc[m[49;80H3-27[19;27H[?25h[?25l[31m1[m[49;80H4-28[19;28H[?25h[?25l[31m1[m[49;80H5-29[19;29H[?25h[?25l[19;28H[K[49;80H4-28[19;28H[?25h[?25l[19;27H[K[49;80H3-27[19;27H[?25h[?25l[31ml[m[49;80H4-28[19;28H[?25h[?25l[31ml[m[49;80H5-29[19;29H[?25h[?25l[19;28H[K[49;80H4-28[19;28H[?25h[?25l[19;27H[K[49;80H3-27[19;27H[?25h[?25l[31m1[m[49;80H4-28[19;28H[?25h[?25l[31m1[m[49;80H5-29[19;29H[?25h[?25l[31m [m[49;80H6-30[19;30H[?25h[?25l[31m-[m[49;80H7-31[19;31H[?25h[?25l[31mg[m[49;80H8-32[19;32H[?25h[?25l[31m [m[49;80H9-33[19;33H[?25h[?25l[31m-[m[49;79H20-34[19;34H[?25h[?25l[31mW[m[49;80H1-35[19;35H[?25h[?25l[31ma[m[49;80H2-36[19;36H[?25h[?25l[31ml[m[49;80H3-37[19;37H[?25h[?25l[31ml[m[49;80H4-38[19;38H[?25h[?25l[31m [m[49;80H5-39[19;39H[?25h[?25l[31m-[m[49;80H6-40[19;40H[?25h[?25l[31mc[m[49;80H7-41[19;41H[?25h[?25l[31m [m[49;80H8-42[19;42H[?25h[?25l[31mq[m[49;80H9-43[19;43H[?25h[?25l[31mu[m[49;79H30-44[19;44H[?25h[?25l[31ma[m[49;80H1-45[19;45H[?25h[?25l[31md[m[49;80H2-46[19;46H[?25h[?25l[31mr[m[49;80H3-47[19;47H[?25h[?25l[31m.[m[49;80H4-48[19;48H[?25h[?25l[31mc[m[49;80H5-49[19;49H[?25h[?25l[49;77H4,1    [14;1H[?25h[?25l[15;48r[15;1H[L[1;49r[49;76H[K[49;76H15,1[10CAll[15;1H[?25h[?25l[34m#[m[49;79H2[15;2H[?25h[?25l[34ma[m[49;79H3[15;3H[?25h[?25l[34mu[m[49;79H4[15;4H[?25h[?25l[34mt[m[49;79H5[15;5H[?25h[?25l[34mo[m[49;79H6[15;6H[?25h[?25l[34mm[m[49;79H7[15;7H[?25h[?25l[34ma[m[49;79H8[15;8H[?25h[?25l[34mt[m[49;79H9[15;9H[?25h[?25l[34mi[m[49;79H10[15;10H[?25h[?25l[34mc[m[49;80H1[15;11H[?25h[?25l[34ma[m[49;80H2[15;12H[?25h[?25l[34ml[m[49;80H3[15;13H[?25h[?25l[34ml[m[49;80H4[15;14H[?25h[?25l[34my[m[49;80H5[15;15H[?25h[?25l[34m [m[49;80H6[15;16H[?25h[?25l[34mg[m[49;80H7[15;17H[?25h[?25l[34me[m[49;80H8[15;18H[?25h[?25l[34mn[m[49;80H9[15;19H[?25h[?25l[34me[m[49;79H20[15;20H[?25h[?25l[34mr[m[49;80H1[15;21H[?25h[?25l[34ma[m[49;80H2[15;22H[?25h[?25l[34mt[m[49;80H3[15;23H[?25h[?25l[34me[m[49;80H4[15;24H[?25h[?25l[34md[m[49;80H5[15;25H[?25h[?25l[34m [m[49;80H6[15;26H[?25h[?25l[34md[m[49;80H7[15;27H[?25h[?25l[34me[m[49;80H8[15;28H[?25h[?25l[34mp[m[49;80H9[15;29H[?25h[?25l[34me[m[49;79H30[15;30H[?25h[?25l[34mn[m[49;80H1[15;31H[?25h[?25l[34md[m[49;80H2[15;32H[?25h[?25l[34me[m[49;80H3[15;33H[?25h[?25l[34mc[m[49;80H4[15;34H[?25h[?25l[15;33H[K[49;80H3[15;33H[?25h[?25l[34mn[m[49;80H4[15;34H[?25h[?25l[34mc[m[49;80H5[15;35H[?25h[?25l[34mi[m[49;80H6[15;36H[?25h[?25l[34me[m[49;80H7[15;37H[?25h[?25l[34ms[m[49;80H8[15;38H[?25h[?25l[34m [m[49;80H9[15;39H[?25h[?25l[34mp[m[49;79H40[15;40H[?25h[?25l[34mo[m[49;80H1[15;41H[?25h[?25l[15;40H[K[49;80H0[15;40H[?25h[?25l[34mr[m[49;80H1[15;41H[?25h[?25l[34mo[m[49;80H2[15;42H[?25h[?25l[34md[m[49;80H3[15;43H[?25h[?25l[34mu[m[49;80H4[15;44H[?25h[?25l[34mc[m[49;80H5[15;45H[?25h[?25l[34me[m[49;80H6[15;46H[?25h[?25l[34md[m[49;80H7[15;47H[?25h[?25l[34m [m[49;80H8[15;48H[?25h[?25l[34mb[m[49;80H9[15;49H[?25h[?25l[34my[m[49;79H50[15;50H[?25h[?25l[34m [m[49;80H1[15;51H[?25h[?25l[34mm[m[49;80H2[15;52H[?25h[?25l[34ma[m[49;80H3[15;53H[?25h[?25l[34mk[m[49;80H4[15;54H[?25h[?25l[34me[m[49;80H5[15;55H[?25h[?25l[34m [m[49;80H6[15;56H[?25h[?25l[34md[m[49;80H7[15;57H[?25h[?25l[34me[m[49;80H8[15;58H[?25h[?25l[34mp[m[49;80H9[15;59H[?25h[?25l[34me[m[49;79H60[15;60H[?25h[?25l[34mn[m[49;80H1[15;61H[?25h[?25l[34md[m[49;80H2[15;62H[?25h[49;1H[K[15;61H[?25l[49;66H^[[15;61H[49;66H  [15;62H[49;76H15,61[9CAll[15;61H[?25h[?25l[49;66H:[15;61H[49;66H[K[49;1H:[?2004h[?25hw[?25l[?25hq[?25l[?25h[?25l[?1002l[?2004l"Makefile" 21L, 397C written[23;2t[23;1t[22;2t[22;1t[23;2t[23;1t
[?2004l[?1l>[?25h[?1049l[23;0;0tpsammon1@remote07:~/cs220/labs/lab1/exercises/3-multifile$ make
make: 'quadr' is up to date.
psammon1@remote07:~/cs220/labs/lab1/exercises/3-multifile$ makevim Makefile
[?1000h[?2004h[?1049h[22;0;0t[?1h=[?2004h[1;49r[?12h[?12l[22;2t[22;1t[27m[23m[29m[m[H[2J[?25l[49;1H"Makefile" 21L, 397C[2;1Hâ–½[6n[2;1H  [1;1H[>c]10;?]11;?[1;1H[36mPROJECT [m= quadr

[36mCFLAGS [m= -g -Wall -std=c11
[36mLDFLAGS [m= -lm

[36m$(PROJECT):[m     quadr.o main.o [36m$(LDFLAGS)[m
[31m                [m[36m$(CC)[m[31m  quadr.o main.o -o [m[36m$@

depend:[m
[31m        [m[36m$(CC)[m[31m -MM [m[36m$(CPPFLAGS)[m[31m *.c[m

[36mclean:[m
[31m                rm -f *.o [m[36m$(PROJECT)[m[31m [m[36m$(PROJECT)[m[31m.tar.gz[m

[34m#automatically generated dependencies produced by make depend[m
[36mmain.o:[m[9Cmain.c quadr.h
[31m                gcc -std=c11 -g -Wall -c main.c[m

[36mquadr.o:[m[8Cquadr.c quadr.h
[31m                gcc -std=c11 -g -Wall -c quadr.c[m

[1m[34m~                                                                                            [23;1H~                                                                                            [24;1H~                                                                                            [25;1H~                                                                                            [26;1H~                                                                                            [27;1H~                                                                                            [28;1H~                                                                                            [29;1H~                                                                                            [30;1H~                                                                                            [31;1H~                                                                                            [32;1H~                                                                                            [33;1H~                                                                                            [34;1H~                                                                                            [35;1H~                                                                                            [36;1H~                                                                                            [37;1H~                                                                                            [38;1H~                                                                                            [39;1H~                                                                                            [40;1H~                                                                                            [41;1H~                                                                                            [42;1H~                                                                                            [43;1H~                                                                                            [44;1H~                                                                                            [45;1H~                                                                                            [46;1H~                                                                                            [47;1H~                                                                                            [48;1H~                                                                                            [m[49;76H15,61[9CAll[15;61H[?25h[?1000l[?1002h[?25l[49;66Hi[15;61H[49;66H [15;61H[49;1H[1m-- INSERT --[m[49;13H[K[49;76H15,61[9CAll[15;61H[?25h[?25l[49;76H5,1  [5;1H[?25h[?25l[49;76H4,16[4;16H[?25h[?25l[5;48r[5;1H[L[1;49r[49;76H[K[49;76H5,1[11CAll[5;1H[?25h[?25lS[49;78H2[5;2H[?25h[?25lR[49;78H3[5;3H[?25h[?25lC[49;78H4[5;4H[?25h[?25l_[49;78H5[5;5H[?25h[?25lF[49;78H6[5;6H[?25h[?25lI[49;78H7[5;7H[?25h[?25lL[49;78H8[5;8H[?25h[?25lE[49;78H9[5;9H[?25h[?25lS[49;78H10[5;10H[?25h[?25l[49;79H1[5;11H[?25h[?25l[36mSRC_FILES [m=[49;79H2[5;12H[?25h[?25l[49;79H3[5;13H[?25h[?25lm[49;79H4[5;14H[?25h[?25la[49;79H5[5;15H[?25h[?25li[49;79H6[5;16H[?25h[?25ln[49;79H7[5;17H[?25h[?25l.[49;79H8[5;18H[?25h[?25lc[49;79H9[5;19H[?25h[?25l[49;78H20[5;20H[?25h[?25l[35m\[m[49;79H1[5;21H[?25h[?25l[5;20H[K[49;79H0[5;20H[?25h[?25l[35m\[m[49;79H1[5;21H[?25h[?25l\[49;79H2[5;22H[?25h[?25l[6;48r[6;1H[L[1;49r[49;76H[K[49;76H6,1[11CAll[6;1H[?25h[?25l[49;78H2-9[6;9H[?25h[?25l[49;78H3-17[6;17H[?25h[?25l[49;78H2-9 [6;9H[?25h[?25lq[49;78H3-10[6;10H[?25h[?25lu[49;78H4-11[6;11H[?25h[?25la[49;78H5-12[6;12H[?25h[?25ld[49;78H6-13[6;13H[?25h[?25lr[49;78H7-14[6;14H[?25h[?25l.[49;78H8-15[6;15H[?25h[?25lh[49;78H9-16[6;16H[?25h[?25l[49;78H10-17[6;17H[?25h[?25l[35m\[m[49;79H1-18[6;18H[?25h[?25l\[49;79H2-19[6;19H[?25h[?25l[35m\[m[49;79H1-18[6;18H[?25h[?25l[7;48r[7;1H[L[1;49r[7;1H[35m                [m[49;76H[K[49;76H7,3-17[8CAll[7;17H[?25h[?25l[7;9H[K[49;78H2-9 [7;9H[?25h[?25lq[49;78H3-10[7;10H[?25h[?25lu[49;78H4-11[7;11H[?25h[?25la[49;78H5-12[7;12H[?25h[?25ld[49;78H6-13[7;13H[?25h[?25lr[49;78H7-14[7;14H[?25h[?25l.[49;78H8-15[7;15H[?25h[?25lc[49;78H9-16[7;16H[?25h[?25l[49;78H10-17[7;17H[?25h[?25l[35m\[m[49;79H1-18[7;18H[?25h[?25l\[49;79H2-19[7;19H[?25h[?25l[35m\[m[49;79H1-18[7;18H[?25h[?25l[49;76H4,16   [4;16H[?25h[?25l[49;76H5,22[5;22H[?25h[?25l[35m\
        [m[49;79H1[5;21H[?25h[?25l[49;76H7,11-18[7;18H[?25h[?25l[8;48r[8;1H[L[1;49r[8;1H[35m        [m[49;76H[K[49;76H8,2-9[9CAll[8;9H[?25h[49;1H[K[8;1H[?25l[49;66H^[[8;1H[49;66H  [8;9H[8;1H[K[49;76H8,0-1[9CAll[8;1H[?25h[?25l[49;66H:[8;1H[49;66H[K[49;1H:[?2004h[?25hw[?25l[?25hq[?25l[?25h[?25l[?1002l[?2004l"Makefile" 25L, 441C written[23;2t[23;1t[22;2t[22;1t[23;2t[23;1t
[?2004l[?1l>[?25h[?1049l[23;0;0tpsammon1@remote07:~/cs220/labs/lab1/exercises/3-multifile$ ls
main.c	main.o	Makefile  quadr  quadr.c  quadr.h  quadr.o  README  test.data
psammon1@remote07:~/cs220/labs/lab1/exercises/3-multifile$ lsvim Makefile
[?1000h[?2004h[?1049h[22;0;0t[?1h=[?2004h[1;49r[?12h[?12l[22;2t[22;1t[27m[23m[29m[m[H[2J[?25l[49;1H"Makefile" 25L, 441C[2;1Hâ–½[6n[2;1H  [1;1H[>c]10;?]11;?[1;1H[36mPROJECT [m= quadr

[36mCFLAGS [m= -g -Wall -std=c11
[36mLDFLAGS [m= -lm
[36mSRC_FILES [m= main.c [35m\
        [mquadr.h [35m\
        [mquadr.c [35m\[m


[36m$(PROJECT):[m     quadr.o main.o [36m$(LDFLAGS)[m
[31m                [m[36m$(CC)[m[31m  quadr.o main.o -o [m[36m$@

depend:[m
[31m        [m[36m$(CC)[m[31m -MM [m[36m$(CPPFLAGS)[m[31m *.c[m

[36mclean:[m
[31m                rm -f *.o [m[36m$(PROJECT)[m[31m [m[36m$(PROJECT)[m[31m.tar.gz[m

[34m#automatically generated dependencies produced by make depend[m
[36mmain.o:[m[9Cmain.c quadr.h
[31m                gcc -std=c11 -g -Wall -c main.c[m

[36mquadr.o:[m[8Cquadr.c quadr.h
[31m                gcc -std=c11 -g -Wall -c quadr.c[m

[1m[34m~                                                                                            [27;1H~                                                                                            [28;1H~                                                                                            [29;1H~                                                                                            [30;1H~                                                                                            [31;1H~                                                                                            [32;1H~                                                                                            [33;1H~                                                                                            [34;1H~                                                                                            [35;1H~                                                                                            [36;1H~                                                                                            [37;1H~                                                                                            [38;1H~                                                                                            [39;1H~                                                                                            [40;1H~                                                                                            [41;1H~                                                                                            [42;1H~                                                                                            [43;1H~                                                                                            [44;1H~                                                                                            [45;1H~                                                                                            [46;1H~                                                                                            [47;1H~                                                                                            [48;1H~                                                                                            [m[49;76H8,0-1[9CAll[8;1H[?25h[?1000l[?1002h[?25l[49;76H5,20 [5;20H[?25h[?25l[49;76H6,10-17[6;17H[?25h[?25l[49;76H7[7;17H[?25h[?25l[49;66H~@k[7;17H[49;66H   [7;17H[?25h[?25l[49;66H^M[7;17H[49;66H  [8;1H[49;76H8,0-1  [8;1H[?25h[?25l[49;66H^I[8;1H[49;66H  [8;1H[?25h[?25l[49;66Hi[8;1H[49;66H [8;1H[49;1H[1m-- INSERT --[m[49;13H[K[49;76H8,1[11CAll[8;1H[?25h[?25l[35m        [m[49;78H2-9[8;9H[?25h[?25lR[49;78H3-10[8;10H[?25h[?25lE[49;78H4-11[8;11H[?25h[?25lA[49;78H5-12[8;12H[?25h[?25lD[49;78H6-13[8;13H[?25h[?25lM[49;78H7-14[8;14H[?25h[?25lE[49;78H8-15[8;15H[?25h[?25l[49;78H9-16[8;16H[?25h[?25l[35m\[m[49;78H10-17[8;17H[?25h[?25l[9;48r[9;1H[L[1;49r[9;1H[35m        [m[49;76H[K[49;76H9,2-9[9CAll[9;9H[?25h[?25lt[49;78H3-10[9;10H[?25h[?25le[49;78H4-11[9;11H[?25h[?25ls[49;78H5-12[9;12H[?25h[?25lt[49;78H6-13[9;13H[?25h[?25l.[49;78H7-14[9;14H[?25h[?25ld[49;78H8-15[9;15H[?25h[?25la[49;78H9-16[9;16H[?25h[?25lt[49;78H10-17[9;17H[?25h[?25la[49;79H1-18[9;18H[?25h[?25l[49;79H2-19[9;19H[?25h[?25l[35m\[m[49;79H3-20[9;20H[?25h[?25l[10;48r[10;1H[L[1;49r[10;1H[35m        [m[49;76H[K[49;76H10,2-9[8CAll[10;9H[?25h[?25lm[49;79H3-10[10;10H[?25h[?25l[10;9H[K[49;79H2-9 [10;9H[?25h[?25lM[49;79H3-10[10;10H[?25h[?25la[49;79H4-11[10;11H[?25h[?25lk[49;79H5-12[10;12H[?25h[?25le[49;79H6-13[10;13H[?25h[?25lf[49;79H7-14[10;14H[?25h[?25li[49;79H8-15[10;15H[?25h[?25le[49;79H9-16[10;16H[?25h[?25l[10;15H[K[49;79H8-15[10;15H[?25h[?25ll[49;79H9-16[10;16H[?25h[?25le[49;79H10-17[10;17H[?25h[?25l[49;76H26,26-40[26;40H[?25h[?25l[31mic quadr.c[m[49;80H7-41[26;41H[?25h[?25l[31mc quadr.c[m[26;49H[K[49;80H6-40[26;40H[?25h[?25l[49;77H0,1    [20;1H[?25h[?25l[21;48r[21;1H[L[1;49r[49;76H[K[49;76H21,1[10CAll[21;1H[?25h[?25l[49;77H0[20;1H[?25h[?25l[21;48r[21;1H[L[1;49r[49;76H[K[49;76H21,1[10CAll[21;1H[?25h[?25l[49;77H0[20;1H[?25h[?25l[49;77H1[21;1H[?25h[?25l[22;48r[22;1H[5L[1;49r[21;1H[36mdist:[19C$(PROJECT)[m.tar.gz[23;5H[36m$(PROJECT)[m.tar.gz:[10C[36m$(SRC_FILES)[m[24;41Htar -cf [36m$(PROJECT)[m.tar [36m$(SRC_FILES)[m[25;73Hgzip -f [36m$(PROJECT)[m.taa[26;1Hr[49;76H[K[49;76H25,32-95      All[26;2H[?25h[?25l[49;77H3,4    [23;4H[?25h[?25l[24;48r[24;1H[L[1;49r[23;5H[K[24;4H[36m$(PROJECT)[m.tar.gz:[11C[36m$(SRC_FILES)[m[49;76H[K[49;76H24,3[10CAll[24;3H[?25h[?25l[36m$(PROJECT)[m.tar.gz: [49;79H2[24;2H[?25h[?25l[36m$(PROJECT)[m.tar.gz: [49;79H1[24;1H[?25h[?25l[23;48r[48;1H
[1;49r[23;2H   [36m$(PROJECT)[m.tar.gz:[48;1H[1m[34m~                                                                                            [m[49;76H[K[49;76H23,4[10CAll[23;4H[?25h[?25l[36m$(PROJECT)[m.tar.gz: [49;79H3[23;3H[?25h[?25l[36m$(PROJECT)[m.tar.gz: [49;79H2[23;2H[?25h[?25l[36m$(PROJECT)[m.tar.gz: [49;79H1[23;1H[?25h[?25l[33C[36m[46m([9C)[m[49;79H34-45[23;45H[?25h[?25l[23;34H[36m([9C)[m[49;77H4,13-33[24;33H[?25h[?25ltar -cf [36m$(PROJECT)[m.tar [36m$(SRC_FILES)[m[24;68H[K[49;80H2-25[24;25H[?25h[?25l[49;77H5,9-65 [25;65H[?25h[?25l[25;48r[48;1H
[1;49r[25;1H [63Cgzip -f [36m$(PROJECT)[m.tar[48;1H[1m[34m~                                                                                            [m[49;76H[K[49;76H25,8-57[7CAll[25;57H[?25h[?25lgzip -f [36m$(PROJECT)[m.tar[25;79H[K[49;79H7-49[25;49H[?25h[?25lgzip -f [36m$(PROJECT)[m.tar[25;71H[K[49;79H6-41[25;41H[?25h[?25lgzip -f [36m$(PROJECT)[m.tar[25;63H[K[49;79H5-33[25;33H[?25h[?25lgzip -f [36m$(PROJECT)[m.tar[25;55H[K[49;79H4-25[25;25H[?25h[?25l[49;79H27-55[25;55H[?25h[?25l[49;77H4,3    [24;3H[?25h[?25l[49;77H3,2[23;2H[?25h[?25l[49;79H1[23;1H[?25h[?25l[49;79H2[23;2H[?25h[?25l[36m$(PROJECT).tar.gz:[m [49;79H1[23;1H[?25h[?25l[49;77H1,8-17[21;17H[?25h[?25l[8C        [36m$(PROJECT)[m.tar.gz[49;79H9-25[21;25H[?25h[?25l[49;76H19,2-9 [19;9H[?25h[?25l[8C[31m        rm -f *.o [m[36m$(PROJECT)[m[31m [m[36m$(PROJECT)[m[31m.tar.gz[m[49;79H3-17[19;17H[?25h[?25l[8C[31m        rm -f *.o [m[36m$(PROJECT)[m[31m [m[36m$(PROJECT)[m[31m.tar.gz[m[49;79H4-25[19;25H[?25h[?25l[31mrm -f *.o [m[36m$(PROJECT)[m[31m [m[36m$(PROJECT)[m[31m.tar.gz[m[19;63H[K[49;79H3-17[19;17H[?25h[?25l[31mrm -f *.o [m[36m$(PROJECT)[m[31m [m[36m$(PROJECT)[m[31m.tar.gz[m[19;55H[K[49;79H2-9 [19;9H[?25h[?25l[49;76H22,1  [22;1H[?25h[?25l[49;77H4,12-25[24;25H[?25h[?25l[49;77H8,24-31[28;31H[?25h[49;1H[K[28;30H[?25l[49;66H^[[28;30H[49;66H  [28;31H[49;76H28,23-30      All[28;30H[?25h[?25l[49;66H:[28;30H[49;66H[K[49;1H:[?2004h[?25hw[?25l[?25hq[?25l[?25h[?25l[?1002l[?2004l"Makefile" 33L, 610C written[23;2t[23;1t[22;2t[22;1t[23;2t[23;1t
[?2004l[?1l>[?25h[?1049l[23;0;0tpsammon1@remote07:~/cs220/labs/lab1/exercises/3-multifile$ make dist
Makefile:24: *** missing separator (did you mean TAB instead of 8 spaces?).  Stop.
psammon1@remote07:~/cs220/labs/lab1/exercises/3-multifile$ make distvim Makefile
[?1000h[?2004h[?1049h[22;0;0t[?1h=[?2004h[1;49r[?12h[?12l[22;2t[22;1t[27m[23m[29m[m[H[2J[?25l[49;1H"Makefile" 33L, 610C[2;1Hâ–½[6n[2;1H  [1;1H[>c]10;?]11;?[1;1H[36mPROJECT [m= quadr

[36mCFLAGS [m= -g -Wall -std=c11
[36mLDFLAGS [m= -lm
[36mSRC_FILES [m= main.c [35m\
        [mquadr.h [35m\
        [mquadr.c [35m\
        [mREADME [35m\
        [mtest.data [35m\
        [mMakefile

[36m$(PROJECT):[m     quadr.o main.o [36m$(LDFLAGS)[m
[31m                [m[36m$(CC)[m[31m  quadr.o main.o -o [m[36m$@

depend:[m
[31m        [m[36m$(CC)[m[31m -MM [m[36m$(CPPFLAGS)[m[31m *.c[m

[36mclean:[m
[31m                rm -f *.o [m[36m$(PROJECT)[m[31m [m[36m$(PROJECT)[m[31m.tar.gz[m

[36mdist:[27C$(PROJECT)[m.tar.gz

[36m$(PROJECT).tar.gz:[14C$(SRC_FILES)[m[24;33Htar -cf [36m$(PROJECT)[m.tar [36m$(SRC_FILES)[m[25;33Hgzip -f [36m$(PROJECT)[m.tar

[34m#automatically generated dependencies produced by make depend[m
[36mmain.o:[m[9Cmain.c quadr.h
[31m                gcc -std=c11 -g -Wall -c main.c[m

[36mquadr.o:[m[8Cquadr.c quadr.h
[31m                gcc -std=c11 -g -Wall -c quadr.c[m

[1m[34m~                                                                                            [35;1H~                                                                                            [36;1H~                                                                                            [37;1H~                                                                                            [38;1H~                                                                                            [39;1H~                                                                                            [40;1H~                                                                                            [41;1H~                                                                                            [42;1H~                                                                                            [43;1H~                                                                                            [44;1H~                                                                                            [45;1H~                                                                                            [46;1H~                                                                                            [47;1H~                                                                                            [48;1H~                                                                                            [m[49;76H28,23-30      All[28;30H[?25h[?1000l[?1002h[?25l[49;76H33,0-1  [33;1H[?25h[?25l[49;66H~@k[33;1H[49;66H   [32;48H[49;77H2,34-48[32;48H[?25h[?25l[49;76H27,22   [27;22H[?25h[?25l[49;77H3,19-24[23;24H[?25h[?25l[49;77H4,11[24;24H[?25h[?25l[49;80H3-33[24;33H[?25h[?25l[49;77H3,20-32[23;32H[?25h[?25l[49;66H~@k[23;32H[49;66H   [23;24H[49;79H19-24[23;24H[?25h[?25l[49;66Hi[23;24H[49;66H [23;19H[49;1H[1m-- INSERT --[m[49;13H[K[49;76H23,19[9CAll[23;19H[?25h[?25l[49;79H20-25[23;25H[?25h[?25l[49;80H1-33[23;33H[?25h[?25l[1C[36m[46m([9C)[m[49;80H2-34[23;34H[?25h[?25l[36m([9C)[m[49;80H1-33[23;33H[?25h[?25l[23;25H[36m$(SRC_FILES)[m[23;37H[K[49;80H0-25[23;25H[?25h[?25l[36m$(SRC_FILES)[m[23;31H[K[49;79H19   [23;19H[?25h[?25l      [36m$(SRC_FILES)[m[49;79H20-25[23;25H[?25h[?25l        [36m$(SRC_FILES)[m[49;80H1-33[23;33H[?25h[?25l[49;77H4,12-25[24;25H[?25h[?25l[49;80H3-33[24;33H[?25h[?25l[24;25Htar -cf [36m$(PROJECT)[m.tar [36m$(SRC_FILES)[m[24;60H[K[49;80H2-25[24;25H[?25h[?25l[24;17Htar -cf [36m$(PROJECT)[m.tar [36m$(SRC_FILES)[m[24;52H[K[49;80H1-17[24;17H[?25h[?25l[24;10Htar -cf [36m$(PROJECT)[m.tar [36m$(SRC_FILES)[m[24;45H[K[49;80H0   [24;10H[?25h[?25ltar -cf [36m$(PROJECT)[m.tar [36m$(SRC_FILES)[m[24;44H[K[49;79H9 [24;9H[?25h[?25ltar -cf [36m$(PROJECT)[m.tar [36m$(SRC_FILES)[m[24;43H[K[49;79H8[24;8H[?25h[?25ltar -cf [36m$(PROJECT)[m.tar [36m$(SRC_FILES)[m[24;42H[K[49;79H7[24;7H[?25h[?25ltar -cf [36m$(PROJECT)[m.tar [36m$(SRC_FILES)[m[24;41H[K[49;79H6[24;6H[?25h[?25ltar -cf [36m$(PROJECT)[m.tar [36m$(SRC_FILES)[m[24;40H[K[49;79H5[24;5H[?25h[?25ltar -cf [36m$(PROJECT)[m.tar [36m$(SRC_FILES)[m[24;39H[K[49;79H4[24;4H[?25h[?25ltar -cf [36m$(PROJECT)[m.tar [36m$(SRC_FILES)[m[24;38H[K[49;79H3[24;3H[?25h[?25ltar -cf [36m$(PROJECT)[m.tar [36m$(SRC_FILES)[m[24;37H[K[49;79H2[24;2H[?25h[?25ltar -cf [36m$(PROJECT)[m.tar [36m$(SRC_FILES)[m[24;36H[K[49;79H1[24;1H[?25h[?25l[23;48r[48;1H
[1;49r[23;1H[36m$(PROJECT).tar.gz:[m              [36m$(SRC_FILES)[mtar -cf [36m$(PROJECT)[m.tar [36m$(SRC_FILES)[m
[31m                                gzip -f [10C.tar[m[48;1H[1m[34m~                                                                                            [m[49;76H[K[49;76H23,33-45      All[23;34H[36m[46m([9C)[?25h[?25l[24;48r[m[24;1H[L[1;49r[23;45H[K[24;1H[31m        tar -cf [m[36m$(PROJECT)[m[31m.tar [m[36m$(SRC_FILES)[m[49;76H[K[49;76H24,2-9[8CAll[23;34H[36m([9C)[24;9H[?25h[?25l[m[31m        tar -cf [m[36m$(PROJECT)[m[31m.tar [m[36m$(SRC_FILES)[m[49;79H3-17[24;17H[?25h[?25l[31m        tar -cf [m[36m$(PROJECT)[m[31m.tar [m[36m$(SRC_FILES)[m[49;79H4-25[24;25H[?25h[?25l[31m        tar -cf [m[36m$(PROJECT)[m[31m.tar [m[36m$(SRC_FILES)[m[49;79H5-33[24;33H[?25h[?25l[49;77H5,27-55[25;55H[?25h[?25l[49;79H6-34 [25;34H[?25h[?25l[49;79H5-33[25;33H[?25h[?25l[25;25H[31mgzip -f[m[1C[36m$(PROJECT)[m[31m.tar[m[25;47H[K[49;79H4-25[25;25H[?25h[?25l[25;17H[31mgzip -f[m[1C[36m$(PROJECT)[m[31m.tar[m[25;39H[K[49;79H3-17[25;17H[?25h[?25l[25;9H[31mgzip -f[m[1C[36m$(PROJECT)[m[31m.tar[m[25;31H[K[49;79H2-9 [25;9H[?25h[?25lgzip -f [36m$(PROJECT)[m.tar[25;23H[K[49;79H1  [25;1H[?25h[?25l[24;48r[48;1H
[1;49r[24;1H[31m                                tar -cf [m[36m$(PROJECT)[m[31m.tar [m[36m$(SRC_FILES)[m[31mgzip -f [m[36m$(PROJECT)[m[31m.tar[m[48;1H[1m[34m~                                                                                            [m[49;76H[K[49;76H24,40-68      All[24;57H[36m[46m([9C)[?25h[?25l[25;48r[m[25;1H[L[1;49r[24;68H[K[25;1H[31m                                gzip -f [m[36m$(PROJECT)[m[31m.tar[m[49;76H[K[49;76H25,5-33[7CAll[24;57H[36m([9C)[25;33H[?25h[?25l[m[49;77H8,24-31[28;31H[?25h[?25l[49;76H30,1    [30;1H[?25h[49;1H[K[30;1H[?25l[49;66H^[[30;1H[49;66H  [30;1H[49;76H30,0-1[8CAll[30;1H[?25h[?25l[49;66H:[30;1H[49;66H[K[49;1H:[?2004h[?25hw[?25l[?25hq[?25l[?25h[?25l[?1002l[?2004l"Makefile" 33L, 602C written[23;2t[23;1t[22;2t[22;1t[23;2t[23;1t
[?2004l[?1l>[?25h[?1049l[23;0;0tpsammon1@remote07:~/cs220/labs/lab1/exercises/3-multifile$ vim Makefile[3Pmake dist
tar -cf quadr.tar main.c quadr.h quadr.c README test.data Makefile
gzip -f quadr.tar
psammon1@remote07:~/cs220/labs/lab1/exercises/3-multifile$ mktemp trm[K[Kemp
mktemp: too few X's in template â€˜tempâ€™
psammon1@remote07:~/cs220/labs/lab1/exercises/3-multifile$ mktemp tempx
mktemp: too few X's in template â€˜tempxâ€™
psammon1@remote07:~/cs220/labs/lab1/exercises/3-multifile$ mktemp tempx[KX
mktemp: too few X's in template â€˜tempXâ€™
psammon1@remote07:~/cs220/labs/lab1/exercises/3-multifile$ mktemp tempXXXX
tempmczs
psammon1@remote07:~/cs220/labs/lab1/exercises/3-multifile$ cd tempmczs [K
bash: cd: tempmczs: Not a directory
psammon1@remote07:~/cs220/labs/lab1/exercises/3-multifile$ rmdr[Kir tempmczs [K
rmdir: failed to remove 'tempmczs': Not a directory
psammon1@remote07:~/cs220/labs/lab1/exercises/3-multifile$ rmdir tempmczs[3Pcd[C[C[C[C[C[C[C[C[Cmktemp tempXXXX[K[K[K[K[K[K[K[K-d -t XXXX
/tmp/riyF
psammon1@remote07:~/cs220/labs/lab1/exercises/3-multifile$ mktemp -d -t XXXX[3Prmdir tempmczs[3Pcd[C[C[C[C[C[C[C[C[C[K[K[K[K[K[K[K[K/tmp/riyF/
psammon1@remote07:/tmp/riyF$ tar -xzf DISTR_PATH[K[K[K[K[K[K[K[K[K[K[K[K[K[K[K[K[K[K[Kcd /tmp/riyF/mktemp -d -t XXXX[3Prmdir tempmczs[3Pcd[C[C[C[C[C[C[C[C[Cmktemp tempXXXX[Kx[K[2Pake distvim Makefile[3Pmake distvim Makefilels[Kvim Makefile[8Pmakevim Makefilequadr.o: quadr.c quadr.h[2Pmain.o: main[C[C[C[C[C[C[C[C[C[C[11Pke dependvim Makefile[8Pmake./quadr < test.data[6Pvim[C[C[C[C[C[C[C[C[C[Cls[K./quadrls[Kmakevim Makefile[2Prm Makefills[Kvim Makefiecd ~/cs220/labs/lab1/exercises/3-multifile/[C[C[C[C[C[C[C[C[C[C[C[C[C[C[C[C[C[C[C[C[C[C[C[C[C[C[C[C[Cgit push[Kmerge lab4 -m 'merged lab4'push[Kcd ~/cs220/labs/lab1/exercises/3-multifile/
psammon1@remote07:~/cs220/labs/lab1/exercises/3-multifile$ ls
main.c	Makefile  quadr.c  quadr.o	 README    test.data
main.o	quadr	  quadr.h  quadr.tar.gz  tempmczs
psammon1@remote07:~/cs220/labs/lab1/exercises/3-multifile$ lscd ~/cs220/labs/lab1/exercises/3-multifile/[A[C[C[C[C[C[C[C[C[C[C[C[C[C[C[C[C[C[C[C[C[C[C[C[C[C[C[C[C[C[C[C[C[C[C[C[C[C[C[C[C[C[C[C[C[C[C[C[C[C[C[C[C[C/tmp/riyF/[K
[K[A[C[C[C[C[C[C[C[C[C[C[C[C[C[C[C[C[C[C[C[C[C[C[C[C[C[C[C[C[C[C[C[C[C[C[C[C[C[C[C[C[C[C[C[C[C[C[C[C[C[C[C[C[C[C[C[C[C[C[C[C[C[C[C[C[C[C[C[C[C[C[C[C~/cs220/labs/lab1/exercises/3-multifile/[A[C[C[C[C[C[C[C[C[C[C[C[C[C[C[C[C[C[C[C[C[C[C[C[C[C[C[C[C[C[C[C[C[C[C[C[C[C[C[C[C[C[C[C[C[C[C[C[C[C[C[C[C[C/tmp/riyF/[K
[K[A[C[C[C[C[C[C[C[C[C[C[C[C[C[C[C[C[C[C[C[C[C[C[C[C[C[C[C[C[C[C[C[C[C[C[C[C[C[C[C[C[C[C[C[C[C[C[C[C[C[C[C[C[C[C[C[C[C[C[C[C[C[C[C[C[C[C[C[C[C[C[C[C
psammon1@remote07:/tmp/riyF$ cd /tmp/riyF/ls[Kcd ~/cs220/labs/lab1/exercises/3-multifile/[C[C[C[C[C[C[C[C[C[C[C[C[C[C[C[C[C[C[C[C[C[C[C[C[C[C[C[C[C[C[C[C/tmp/riyF/[Kmktemp -d -t XXXX[4Pcd /tmp/riyF/~/cs220/labs/lab1/exercises/3-multifile/[C[C[C[C[C[C[C[C[C[C[C[C[C[C[C[C[C[C[C[C[C[C[C[C[C[C[C[C[Cls[Kcd /tmp/riyF/[Ktar -xzf ~/cs220/labs/lab1/exercises/3-multifile/
tar (child): /home/psammon1/cs220/labs/lab1/exercises/3-multifile/: Cannot read: Is a directory
tar (child): At beginning of tape, quitting now
tar (child): Error is not recoverable: exiting now

gzip: stdin: unexpected end of file
tar: Child returned status 2
tar: Error is not recoverable: exiting now
psammon1@remote07:/tmp/riyF$ tar -xzf ~/cs220/labs/lab1/exercises/3-multifile/quadr.tar.gz [K/
tar (child): /home/psammon1/cs220/labs/lab1/exercises/3-multifile/quadr.tar.gz/: Cannot open: Not a directory
tar (child): Error is not recoverable: exiting now

gzip: stdin: unexpected end of file
tar: Child returned status 2
tar: Error is not recoverable: exiting now
psammon1@remote07:/tmp/riyF$ tar -xzf ~/cs220/labs/lab1/exercises/3-multifile/quadr.tar.gz/[K[K[K[K[K[K[K[K[K[K[K[K[K
tar (child): /home/psammon1/cs220/labs/lab1/exercises/3-multifile/: Cannot read: Is a directory
tar (child): At beginning of tape, quitting now
tar (child): Error is not recoverable: exiting now

gzip: stdin: unexpected end of file
tar: Child returned status 2
tar: Error is not recoverable: exiting now
psammon1@remote07:/tmp/riyF$ tar -xzf ~/cs220/labs/lab1/exercises/3-multifile/quadr.tar.gz/[1P/cs220/labs/lab1/exercises/3-multifile/quadr.tar.gz/[C[C[C[C[C[C[C[C[C[C[C[C[C[C[C[C[C[C[C[C[C[C[C[C[C[C[C[C[C[C[C[C[C[C[C[C[C[C
tar (child): /cs220/labs/lab1/exercises/3-multifile/quadr.tar.gz/: Cannot open: No such file or directory
tar (child): Error is not recoverable: exiting now
tar: Child returned status 2
tar: Error is not recoverable: exiting now
psammon1@remote07:/tmp/riyF$ tar -xzf /cs2