Script started on 2020-09-24 16:19:48-04:00 [TERM="xterm" TTY="/dev/pts/2" COLUMNS="93" LINES="49"]
psammon1@remote07:~/i220a/submit/lab1$ git pushmerge lab4 -m 'merged lab4'[12Pcheckout masterpush[Kcommit -a -m 'completing lab4'status -s[Kmerge -m 'merged master' master[18Pcheckout lab4pull[Kcheckout masterommit -a -m 'completing lab4'status -s[Kmerge -m 'merged master' master[18Pcheckout lab4[4Pbranch -1[3Pcd ~/i220ascript -a lab4.LOGgit push -u origin lab4commit -m 'started lab4'add .[K[27@cp -pr ~/cs220/labs/lab4/exercises[C[C[14Pd ~/i220a/submit/lab4[2Pgit checkout -b lab4[10Pcd ~/i220asubmit/lab4[6@mkdir -p[C[C[C[C[C[C[C[C[C[C[C[Cgit checkout -b lab4[10Pcd ~/i220a[2Pgit pullcd ~/cs220s[C[C[C[C[C[C[C[C[6Pbashdel cast.types.cvim[C[C[C[C[C[C[C[C[C[C[C[C[Ccd ~/cs220/labs/lab4/exercises/4-cast-types[C[C[C[C[C[C[C[C[C[C[C[C[C[C[C[C[C[C[C[C[C[C[C[C[C[C[C[C[C[C[C[C[C[C[C[C[C[C[C./bad-types[Kcd ~/cs220/labs/lab4/exercises/4-cast-types[K[K[K[K[K[K[K[K[K[K[K[K1-pointers/[K[K[K[K[K[K[K[K[K[K[K[K[K[K[K[K[K[K[K[K[K[K[K1/exercises
psammon1@remote07:~/cs220/labs/lab1/exercises$ cd 1-hello/
psammon1@remote07:~/cs220/labs/lab1/exercises/1-hello$ ls -l
total 24
-rwxr-x--- 1 psammon1 psammon1 16608 Sep 24 15:49 hello
-rw-r----- 1 psammon1 psammon1    75 Sep 24 15:49 hello.c
psammon1@remote07:~/cs220/labs/lab1/exercises/1-hello$ make hello
make: 'hello' is up to date.
psammon1@remote07:~/cs220/labs/lab1/exercises/1-hello$ ./hello
hello world
psammon1@remote07:~/cs220/labs/lab1/exercises/1-hello$ ./hellomake hello[5Pls -lcd 1-hello/~/cs220/labs/lab1/exercises/2-err/
psammon1@remote07:~/cs220/labs/lab1/exercises/2-err$ make
Makefile:2: *** missing separator.  Stop.
psammon1@remote07:~/cs220/labs/lab1/exercises/2-err$ ls
Makefile
psammon1@remote07:~/cs220/labs/lab1/exercises/2-err$ ma[K[Kvim Makefile
[?1000h[?2004h[?1049h[22;0;0t[?1h=[?2004h[1;49r[?12h[?12l[22;2t[22;1t[27m[23m[29m[m[H[2J[?25l[49;1H"Makefile" 8L, 90C[2;1Hâ–½[6n[2;1H  [1;1H[>c]10;?]11;?[1;1H[36mall:[m
[1m[37m[41m                echo "hello $$USER"[m


[33m.PHONY:[m[9Ccount-bin
[36mcount-bin:[m
[31m                cd /usr/bin ;
                ls | wc -l[m
[1m[34m~                                                                                            [10;1H~                                                                                            [11;1H~                                                                                            [12;1H~                                                                                            [13;1H~                                                                                            [14;1H~                                                                                            [15;1H~                                                                                            [16;1H~                                                                                            [17;1H~                                                                                            [18;1H~                                                                                            [19;1H~                                                                                            [20;1H~                                                                                            [21;1H~                                                                                            [22;1H~                                                                                            [23;1H~                                                                                            [24;1H~                                                                                            [25;1H~                                                                                            [26;1H~                                                                                            [27;1H~                                                                                            [28;1H~                                                                                            [29;1H~                                                                                            [30;1H~                                                                                            [31;1H~                                                                                            [32;1H~                                                                                            [33;1H~                                                                                            [34;1H~                                                                                            [35;1H~                                                                                            [36;1H~                                                                                            [37;1H~                                                                                            [38;1H~                                                                                            [39;1H~                                                                                            [40;1H~                                                                                            [41;1H~                                                                                            [42;1H~                                                                                            [43;1H~                                                                                            [44;1H~                                                                                            [45;1H~                                                                                            [46;1H~                                                                                            [47;1H~                                                                                            [48;1H~                                                                                            [m[49;76H1,1[11CAll[1;1H[?25h[?1000l[?1002h[?25l[49;66Hi[1;1H[49;66H [1;1H[49;1H[1m-- INSERT --[m[49;13H[K[49;76H1,1[11CAll[1;1H[?25h[?25l[49;76H2[2;1H[?25h[?25l[49;78H2[2;2H[?25h[?25l[49;78H3[2;3H[?25h[?25l[49;78H4-9[2;9H[?25h[?25l[49;78H5-17[2;17H[?25h[?25l[49;78H6-18[2;18H[?25h[?25l[49;78H5-17[2;17H[?25h[?25l[49;78H4-9 [2;9H[?25h[?25l[49;78H5-17[2;17H[?25h[?25l[49;78H4-9 [2;9H[?25h[?25l[1m[37m[41mecho "hello $$USER"[m[2;28H[K[49;78H3  [2;3H[?25h[?25l[49;78H2[2;2H[?25h[?25l[31m        echo "hello [m[36m$$[m[31mUSER"[m[49;78H1[2;1H[?25h[49;1H[K[2;1H[?25l[49;66H^[[2;1H[49;66H  [2;1H[49;76H2,1-8[9CAll[2;8H[?25h[?25l[49;66H:[2;8H[49;66H[K[49;1H:[?2004h[?25hq[?25l[?25hw[?25l[?25h[?25l[49;3H[K[49;3H[?25h[?25l[49;2H[K[49;2H[?25hw[?25l[?25hq[?25l[?25h[?25l[?1002l[?2004l"Makefile" 8L, 87C written[23;2t[23;1t[22;2t[22;1t[23;2t[23;1t
[?2004l[?1l>[?25h[?1049l[23;0;0tpsammon1@remote07:~/cs220/labs/lab1/exercises/2-err$ vim Makefilels[Kmake
echo "hello $USER"
hello psammon1
psammon1@remote07:~/cs220/labs/lab1/exercises/2-err$ makevim Makefile
[?1000h[?2004h[?1049h[22;0;0t[?1h=[?2004h[1;49r[?12h[?12l[22;2t[22;1t[27m[23m[29m[m[H[2J[?25l[49;1H"Makefile" 8L, 87C[2;1Hâ–½[6n[2;1H  [1;1H[>c]10;?]11;?[1;1H[36mall:[m
[31m        echo "hello [m[36m$$[m[31mUSER"[m


[33m.PHONY:[m[9Ccount-bin
[36mcount-bin:[m
[31m                cd /usr/bin ;
                ls | wc -l[m
[1m[34m~                                                                                            [10;1H~                                                                                            [11;1H~                                                                                            [12;1H~                                                                                            [13;1H~                                                                                            [14;1H~                                                                                            [15;1H~                                                                                            [16;1H~                                                                                            [17;1H~                                                                                            [18;1H~                                                                                            [19;1H~                                                                                            [20;1H~                                                                                            [21;1H~                                                                                            [22;1H~                                                                                            [23;1H~                                                                                            [24;1H~                                                                                            [25;1H~                                                                                            [26;1H~                                                                                            [27;1H~                                                                                            [28;1H~                                                                                            [29;1H~                                                                                            [30;1H~                                                                                            [31;1H~                                                                                            [32;1H~                                                                                            [33;1H~                                                                                            [34;1H~                                                                                            [35;1H~                                                                                            [36;1H~                                                                                            [37;1H~                                                                                            [38;1H~                                                                                            [39;1H~                                                                                            [40;1H~                                                                                            [41;1H~                                                                                            [42;1H~                                                                                            [43;1H~                                                                                            [44;1H~                                                                                            [45;1H~                                                                                            [46;1H~                                                                                            [47;1H~                                                                                            [48;1H~                                                                                            [m[49;76H2,1-8[9CAll[2;8H[?25h[?1000l[?1002h[?25l[49;66H:[2;8H[49;1H[K[49;1H:[?2004h[?25hw[?25l[?25hq[?25l[?25h[?25l[?1002l[?2004l"Makefile" 8L, 87C written[23;2t[23;1t[22;2t[22;1t[23;2t[23;1t
[?2004l[?1l>[?25h[?1049l[23;0;0tpsammon1@remote07:~/cs220/labs/lab1/exercises/2-err$ make count-bin
cd /usr/bin ;
ls | wc -l
1
psammon1@remote07:~/cs220/labs/lab1/exercises/2-err$ cd us[K[K/user[K[Kr/bin/[K ;
psammon1@remote07:/usr/bin$ ls | wc -;[Kl
4444
psammon1@remote07:/usr/bin$ ls | wc -lcd /usr/bin ;make count-bin[2Pvim Makefile[8Pmakevim Makefilels[Kmakecd ~/cs220/labs/lab1/exercises/2-err/[C[C[C[C[C[C[C[C[C[C[C[C[C[C[C[C[C[C[C[C[C[C[C[C[C[C[C[C./hello[Kcd ~/cs220/labs/lab1/exercises/2-err/
psammon1@remote07:~/cs220/labs/lab1/exercises/2-err$ cd ~/cs220/labs/lab1/exercises/2-err/ls | wc -l[Kcd /usr/bin ;make count-bin[2Pvim Makefile
[?1000h[?2004h[?1049h[22;0;0t[?1h=[?2004h[1;49r[?12h[?12l[22;2t[22;1t[27m[23m[29m[m[H[2J[?25l[49;1H"Makefile" 8L, 87C[2;1Hâ–½[6n[2;1H  [1;1H[>c]10;?]11;?[1;1H[36mall:[m
[31m        echo "hello [m[36m$$[m[31mUSER"[m


[33m.PHONY:[m[9Ccount-bin
[36mcount-bin:[m
[31m                cd /usr/bin ;
                ls | wc -l[m
[1m[34m~                                                                                            [10;1H~                                                                                            [11;1H~                                                                                            [12;1H~                                                                                            [13;1H~                                                                                            [14;1H~                                                                                            [15;1H~                                                                                            [16;1H~                                                                                            [17;1H~                                                                                            [18;1H~                                                                                            [19;1H~                                                                                            [20;1H~                                                                                            [21;1H~                                                                                            [22;1H~                                                                                            [23;1H~                                                                                            [24;1H~                                                                                            [25;1H~                                                                                            [26;1H~                                                                                            [27;1H~                                                                                            [28;1H~                                                                                            [29;1H~                                                                                            [30;1H~                                                                                            [31;1H~                                                                                            [32;1H~                                                                                            [33;1H~                                                                                            [34;1H~                                                                                            [35;1H~                                                                                            [36;1H~                                                                                            [37;1H~                                                                                            [38;1H~                                                                                            [39;1H~                                                                                            [40;1H~                                                                                            [41;1H~                                                                                            [42;1H~                                                                                            [43;1H~                                                                                            [44;1H~                                                                                            [45;1H~                                                                                            [46;1H~                                                                                            [47;1H~                                                                                            [48;1H~                                                                                            [m[49;76H2,1-8[9CAll[2;8H[?25h[?1000l[?1002h[?25l[49;76H7,2-16[7;16H[?25h[?25l[49;66H~@k[7;16H[49;66H   [7;8H[49;78H1-8 [7;8H[?25h[?25l[49;79H5-29[7;29H[?25h[?25l[49;66Hi[7;29H[49;66H [7;29H[49;1H[1m-- INSERT --[m[49;13H[K[49;76H7,15-29[7CAll[7;29H[?25h[?25l[49;79H6-30[7;30H[?25h[?25l[35m\[m[49;79H7-31[7;31H[?25h[49;1H[K[7;30H[?25l[49;66H^[[7;30H[49;66H  [7;31H[49;76H7,16-30[7CAll[7;30H[?25h[?25l[49;66H:[7;30H[49;66H[K[49;1H:[?2004h[?25hw[?25l[?25hq[?25l[?25h[?25l[?1002l[?2004l"Makefile" 8L, 88C written[23;2t[23;1t[22;2t[22;1t[23;2t[23;1t
[?2004l[?1l>[?25h[?1049l[23;0;0tpsammon1@remote07:~/cs220/labs/lab1/exercises/2-err$ vim Makefilecd ~/cs220/labs/lab1/exercises/2-err/ls | wc -l[Kcd /usr/bin ;make count-bin
cd /usr/bin ;\
	ls | wc -l
4444
psammon1@remote07:~/cs220/labs/lab1/exercises/2-err$ make count-bin[2Pvim Makefilecd ~/cs220/labs/lab1/exercises/2-err/[K[K[K[K[K[K3-multifile/
psammon1@remote07:~/cs220/labs/lab1/exercises/3-multifile$ cd ~/cs220/labs/lab1/exercises/3-multifile/[A[C[C[C[C[C[C[C[C[C[C[C[C[C[C[C[C[C[C[C[C[C[C[C[C[C[C[C[C[C[C[C[C[C[C[C[C[C[C[C[C[C[C[C[C[C[C[C[C[C[C[20Pmake count-bin
[K[A[C[C[C[C[C[C[C[C[C[C[C[C[C[C[C[C[C[C[C[C[C[C[C[C[C[C[C[C[C[C[C[C[C[C[C[C[C[C[C[C[C[C[C[C[C[C[C[C[C[C[C[C[C[C[C[C[C[C[C[C[C[C[C[C[C[C[C[C[C[C[C[C[C[2Pvim Makefile
[?1000h[?2004h[?1049h[22;0;0t[?1h=[?2004h[1;49r[?12h[?12l[22;2t[22;1t[27m[23m[29m[m[H[2J[?25l[49;1H"Makefile" 11L, 173C[2;1Hâ–½[6n[2;1H  [1;1H[>c]10;?]11;?[1;1H[36mPROJECT [m= quadr

[36mCFLAGS [m= -g -Wall -std=c11
[36mLDFLAGS [m=

[36m$(PROJECT):[m     quadr.o main.o
[31m                [m[36m$(CC)[m[31m [m[36m$(LDFLAGS)[m[31m quadr.o main.o -o [m[36m$@

clean:[m
[31m                rm -f *.o [m[36m$(PROJECT)[m[31m [m[36m$(PROJECT)[m[31m.tar.gz[m

[1m[34m~                                                                                            [13;1H~                                                                                            [14;1H~                                                                                            [15;1H~                                                                                            [16;1H~                                                                                            [17;1H~                                                                                            [18;1H~                                                                                            [19;1H~                                                                                            [20;1H~                                                                                            [21;1H~                                                                                            [22;1H~                                                                                            [23;1H~                                                                                            [24;1H~                                                                                            [25;1H~                                                                                            [26;1H~                                                                                            [27;1H~                                                                                            [28;1H~                                                                                            [29;1H~                                                                                            [30;1H~                                                                                            [31;1H~                                                                                            [32;1H~                                                                                            [33;1H~                                                                                            [34;1H~                                                                                            [35;1H~                                                                                            [36;1H~                                                                                            [37;1H~                                                                                            [38;1H~                                                                                            [39;1H~                                                                                            [40;1H~                                                                                            [41;1H~                                                                                            [42;1H~                                                                                            [43;1H~                                                                                            [44;1H~                                                                                            [45;1H~                                                                                            [46;1H~                                                                                            [47;1H~                                                                                            [48;1H~                                                                                            [m[49;76H11,0-1[8CAll[11;1H[?25h[?1000l[?1002h[?25l[49;66H:[11;1H[49;1H[K[49;1H:[?2004h[?25hw[?25l[?25hq[?25l[?25h[?25l[?1002l[?2004l"Makefile" 11L, 173C written[23;2t[23;1t[22;2t[22;1t[23;2t[23;1t
[?2004l[?1l>[?25h[?1049l[23;0;0tpsammon1@remote07:~/cs220/labs/lab1/exercises/3-multifile$ make
cc -g -Wall -std=c11   -c -o quadr.o quadr.c
cc -g -Wall -std=c11   -c -o main.o main.c
cc  quadr.o main.o -o quadr
/usr/bin/ld: quadr.o: in function `quadratic_roots':
/home/psammon1/cs220/labs/lab1/exercises/3-multifile/quadr.c:10: undefined reference to `sqrt'
/usr/bin/ld: /home/psammon1/cs220/labs/lab1/exercises/3-multifile/quadr.c:11: undefined reference 