Script started on 2020-10-29 12:19:21-04:00 [TERM="xterm" TTY="/dev/pts/10" COLUMNS="80" LINES="24"]
psammon1@remote04:~/i220a/submit/lab9$ cdd [K[K ec[Kxercises/
psammon1@remote04:~/i220a/submit/lab9/exercises$ [Kpsammon1@remote04:~/i220a/submit/lab9/exercises$ cd rotate/
psammon1@remote04:~/i220a/submit/lab9/exercises/rotate$ vim rotate.c 
PuTTY X11 proxy: unable to connect to forwarded X server: Network error: Connection refused
[?1000h[?2004h[?1049h[22;0;0t[?1h=[?2004h[1;49r[?12h[?12l[22;2t[22;1t[27m[23m[29m[m[H[2J[?25l[49;1H"rotate.c" 19L, 326C[2;1Hâ–½[6n[2;1H  [1;1H[>c]10;?]11;?[1;1H[35m#include [m[31m<limits.h>[m

[32minline[m [32munsigned[m
rotl([32munsigned[m x, [32mint[m shift)
{
  [33mreturn[m (x << shift) | (x >> ([33msizeof[m(x)*[31mCHAR_BIT[m - shift));
}

[32minline[m [32munsigned[m
rotr([32munsigned[m x, [32mint[m shift)
{
  [33mreturn[m (x >> shift) | (x << ([33msizeof[m(x)*[31mCHAR_BIT[m - shift));
}

[32munsigned[m
f([32munsigned[m a, [32munsigned[m b, [32munsigned[m n)
{
  [33mreturn[m rotl(a, n) + rotr(b, n);
}
[1m[34m~                                                                                          [21;1H~                                                                                          [22;1H~                                                                                          [23;1H~                                                                                          [24;1H~                                                                                          [25;1H~                                                                                          [26;1H~                                                                                          [27;1H~                                                                                          [28;1H~                                                                                          [29;1H~                                                                                          [30;1H~                                                                                          [31;1H~                                                                                          [32;1H~                                                                                          [33;1H~                                                                                          [34;1H~                                                                                          [35;1H~                                                                                          [36;1H~                                                                                          [37;1H~                                                                                          [38;1H~                                                                                          [39;1H~                                                                                          [40;1H~                                                                                          [41;1H~                                                                                          [42;1H~                                                                                          [43;1H~                                                                                          [44;1H~                                                                                          [45;1H~                                                                                          [46;1H~                                                                                          [47;1H~                                                                                          [48;1H~                                                                                          [m[49;74H1,1[11CAll[1;1H[?25h[?1000l[?1002h[?25l[49;64H:[1;1H[49;1H[K[49;1H:[?2004h[?25hw[?25l[?25hq[?25l[?25h[?25l[?1002l[?2004l"rotate.c" 19L, 326C written[23;2t[23;1t[22;2t[22;1t[23;2t[23;1t
[?2004l[?1l>[?25h[?1049l[23;0;0tpsammon1@remote04:~/i220a/submit/lab9/exercises/rotate$ nake==[K[K[K[K[K[Kmake
cc -S -Wall -Og -std=c11 rotate.c
psammon1@remote04:~/i220a/submit/lab9/exercises/rotate$ ls
Makefile  rotate.c  rotate.s
psammon1@remote04:~/i220a/submit/lab9/exercises/rotate$ vim rotate.s
PuTTY X11 proxy: unable to connect to forwarded X server: Network error: Connection refused
[?1000h[?2004h[?1049h[22;0;0t[?1h=[?2004h[1;49r[?12h[?12l[22;2t[22;1t[27m[23m[29m[m[H[2J[?25l[49;1H"rotate.s" 17L, 271C[2;1Hâ–½[6n[2;1H  [1;1H[>c]10;?]11;?[1;9H[33m.file[m   "[36mrotate[m[33m.c[m"[2;9H[33m.text[3;9H.globl[m  [36mf[m[4;9H[33m.type[m   [36mf[m, @[36mfunction
f[m:
[33m.LFB2[m:[7;9H[33m.cfi_startproc[m[8;9H[36mmovl[m    %[36medx[m, %[36mecx[9;9Hroll[m    %[36mcl[m, %[36medi[10;9Hrorl[m    %[36mcl[m, %[36mesi[11;9Hleal[m    (%[36mrdi[m,%[36mrsi[m), %[36meax[12;9Hret[m[13;9H[33m.cfi_endproc
.LFE2[m:[15;9H[33m.size[m   [36mf[m, .-[36mf[m[16;9H[33m.ident[m  "[36mGCC[m: ([36mDebian[m [31m8[m.[31m3[m.0-[31m6[m) [31m8[m.[31m3[m.0"[17;9H[33m.section[8C.note.GNU-stack[m,"",@[36mprogbits[m
[1m[34m~                                                                                          [19;1H~                                                                                          [20;1H~                                                                                          [21;1H~                                                                                          [22;1H~                                                                                          [23;1H~                                                                                          [24;1H~                                                                                          [25;1H~                                                                                          [26;1H~                                                                                          [27;1H~                                                                                          [28;1H~                                                                                          [29;1H~                                                                                          [30;1H~                                                                                          [31;1H~                                                                                          [32;1H~                                                                                          [33;1H~                                                                                          [34;1H~                                                                                          [35;1H~                                                                                          [36;1H~                                                                                          [37;1H~                                                                                          [38;1H~                                                                                          [39;1H~                                                                                          [40;1H~                                                                                          [41;1H~                                                                                          [42;1H~                                                                                          [43;1H~                                                                                          [44;1H~                                                                                          [45;1H~                                                                                          [46;1H~                                                                                          [47;1H~                                                                                          [48;1H~                                                                                          [m[49;74H1,1-8[9CAll[1;8H[?25h[?1000l[?1002h[?25l[49;64H:[1;8H[49;1H[K[49;1H:[?2004h[?25hw[?25l[?25hq[?25l[?25h[?25l[?1002l[?2004l"rotate.s" 17L, 271C written[23;2t[23;1t[22;2t[22;1t[23;2t[23;1t
[?2004l[?1l>[?25h[?1049l[23;0;0tpsammon1@remote04:~/i220a/submit/lab9/exercises/rotate$ vim rotate.sls[Kmakevim rotate.c 
PuTTY X11 proxy: unable to connect to forwarded X server: Network error: Connection refused
[?1000h[?2004h[?1049h[22;0;0t[?1h=[?2004h[1;49r[?12h[?12l[22;2t[22;1t[27m[23m[29m[m[H[2J[?25l[49;1H"rotate.c" 19L, 326C[2;1Hâ–½[6n[2;1H  [1;1H[>c]10;?]11;?[1;1H[35m#include [m[31m<limits.h>[m

[32minline[m [32munsigned[m
rotl([32munsigned[m x, [32mint[m shift)
{
  [33mreturn[m (x << shift) | (x >> ([33msizeof[m(x)*[31mCHAR_BIT[m - shift));
}

[32minline[m [32munsigned[m
rotr([32munsigned[m x, [32mint[m shift)
{
  [33mreturn[m (x >> shift) | (x << ([33msizeof[m(x)*[31mCHAR_BIT[m - shift));
}

[32munsigned[m
f([32munsigned[m a, [32munsigned[m b, [32munsigned[m n)
{
  [33mreturn[m rotl(a, n) + rotr(b, n);
}
[1m[34m~                                                                                          [21;1H~                                                                                          [22;1H~                                                                                          [23;1H~                                                                                          [24;1H~                                                                                          [25;1H~                                                                                          [26;1H~                                                                                          [27;1H~                                                                                          [28;1H~                                                                                          [29;1H~                                                                                          [30;1H~                                                                                          [31;1H~                                                                                          [32;1H~                                                                                          [33;1H~                                                                                          [34;1H~                                                                                          [35;1H~                                                                                          [36;1H~                                                                                          [37;1H~                                                                                          [38;1H~                                                                                          [39;1H~                                                                                          [40;1H~                                                                                          [41;1H~                                                                                          [42;1H~                                                                                          [43;1H~                                                                                          [44;1H~                                                                                          [45;1H~                                                                                          [46;1H~                                                                                          [47;1H~                                                                                          [48;1H~                                                                                          [m[49;74H1,1[11CAll[1;1H[?25h[?1000l[?1002h[?25l[49;64H~@k[1;1H[49;64H   [1;1H[?25h[?25l[49;64H~@k[1;1H[49;64H   [1;1H[?25h[?25l[49;64H~@k[1;1H[49;64H   [2;1H[49;74H2,0-1[2;1H[?25h[?25l[49;64H~@k[2;1H[49;64H   [3;1H[49;74H3,1  [3;1H[?25h[?25l[49;64H~@k[3;1H[49;64H   [2;1H[49;74H2,0-1[2;1H[?25h[?25l[49;74H18,33[18;33H[?25h[?25l[17;1H[46m{

}[m[49;75H9,1 [19;1H[?25h[?25l[49;64H:[19;1H[49;1H[K[49;1H:[?2004h[?25hw[?25l[?25hq[?25l[?25h[?25l[?1002l[?2004l"rotate.c" 19L, 326C written[23;2t[23;1t[22;2t[22;1t[23;2t[23;1t
[?2004l[?1l>[?25h[?1049l[23;0;0tpsammon1@remote04:~/i220a/submit/lab9/exercises/rotate$ cd ../cpuid
bash: cd: ../cpuid: No such file or directory
psammon1@remote04:~/i220a/submit/lab9/exercises/rotate$ cd ../cpuid1/
psammon1@remote04:~/i220a/submit/lab9/exercises/cpuid1$ cd[K[Kvim cpuid.s [K
PuTTY X11 proxy: unable to connect to forwarded X server: Network error: Connection refused
[?1000h[?2004h[?1049h[22;0;0t[?1h=[?2004h[1;49r[?12h[?12l[22;2t[22;1t[27m[23m[29m[m[H[2J[?25l[49;1H"cpuid.s" 19L, 546C[2;1Hâ–½[6n[2;1H  [1;1H[>c]10;?]11;?[1;1H[34m#get_cpuid(int *eaxP, int *ebxP, int *ecxP, int *edxP).
#rdi = eaxP, rsi = ebxP, rdx = edxP, rcx = ecxP[m[3;9H[33m.text[4;9H.globl[m [36mget_cpuid
get_cpuid[m:[6;9H[36mpushq[m   %[36mrcx[7;9Hpushq[m   %[36mrdx[8;9Hxorl[m    %[36meax[m, %[36meax[m      [34m#setup cpuid opcode to 0[m[9;9H[36mcpuid[m[10;9H[34m#largest param in %eax[11;9H#12-char manufacturer string in ebx, edx, ecx.[m[12;9H[36mmovl[m    %[36meax[m, (%[36mrdi[m)    [34m#store eax cpuid result[m[13;9H[36mmovl[m    %[36mebx[m, (%[36mrsi[m)    [34m#store ebx cpuid result[m[14;9H[36mpopq[m    %[36mrax[m[12C[34m#pop address for edxP[m[15;9H[36mmovl[m    %[36medx[m, (%[36mrax[m)    [34m#store edx cpuid result[m[16;9H[36mpopq[m    %[36mrax[m[12C[34m#pop address for ecxP[m[17;9H[36mmovl[m    %[36mecx[m, (%[36mrax[m)    [34m#store ecx cpuid result[m[18;9H[36mret[m

[1m[34m~                                                                                          [21;1H~                                                                                          [22;1H~                                                                                          [23;1H~                                                                                          [24;1H~                                                                                          [25;1H~                                                                                          [26;1H~                                                                                          [27;1H~                                                                                          [28;1H~                                                                                          [29;1H~                                                                                          [30;1H~                                                                                          [31;1H~                                                                                          [32;1H~                                                                                          [33;1H~                                                                                          [34;1H~                                                                                          [35;1H~                                                                                          [36;1H~                                                                                          [37;1H~                                                                                          [38;1H~                                                                                          [39;1H~                                                                                          [40;1H~                                                                                          [41;1H~                                                                                          [42;1H~                                                                                          [43;1H~                                                                                          [44;1H~                                                                                          [45;1H~                                                                                          [46;1H~                                                                                          [47;1H~                                                                                          [48;1H~                                                                                          [m[49;74H1,1[11CAll[1;1H[?25h[?1000l[?1002h[?25l[?25h[?25l[?25h[?25l[?25h[?25l[?25h[?25l[?25h[?25l[49;64H:[1;1H[49;1H[K[49;1H:[?2004h[?25hw[?25l[?25hq[?25l[?25h[?25l[?1002l[?2004l"cpuid.s" 19L, 546C written[23;2t[23;1t[22;2t[22;1t[23;2t[23;1t
[?2004l[?1l>[?25h[?1049l[23;0;0tpsammon1@remote04:~/i220a/submit/lab9/exercises/cpuid1$ make
cc -g -Wall -std=c11 -Og   -c -o main.o main.c
cc -c -g -Wall -std=c11 -Og cpuid.s -o cpuid.o
cc main.o cpuid.o -o cpuid
psammon1@remote04:~/i220a/submit/lab9/exercises/cpuid1$ ./cpuid
cpuid: eax = 0x14; ebx = 0x756e6547; edx = 0x49656e69; ecx = 0x6c65746e
vendor: GenuineIntel
psammon1@remote04:~/i220a/submit/lab9/exercises/cpuid1$ ./cpuid[3Pmakevim cpuid.scd ../cpuid1/[K1/[K[K2
psammon1@remote04:~/i220a/submit/lab9/exercises/cpuid2$ vim main.c
PuTTY X11 proxy: unable to connect to forwarded X server: Network error: Connection refused
[?1000h[?2004h[?1049h[22;0;0t[?1h=[?2004h[1;49r[?12h[?12l[22;2t[22;1t[27m[23m[29m[m[H[2J[?25l[49;1H"main.c" 43L, 1271C[2;1Hâ–½[6n[2;1H  [1;1H[>c]10;?]11;?[1;1H[35m#include [m[31m<stdio.h>[m
[35m#include [m[31m<stdlib.h>[m

[34m/** External routine which returns cpuid info for op in *eax, *ebx,
 *  *ecx, *edx (corresponding to values returned in like-named
 *  registers by x86 cpuid instruction).
 */[m
[32mvoid[m get_cpuid([32mint[m op, [32mint[m *eax, [32mint[m *ebx, [32mint[m *ecx, [32mint[m *edx);

[34m/** Decode vendor string in ebx:edx:ecx into vendor_string (which
 *  is assumed to be large enough.
 */[m
[32mstatic[m [32mvoid[m
decode_vendor_string([32mint[m ebx, [32mint[m ecx, [32mint[m edx, [32mchar[m *vendor_string)
{
  *( (([32mint[m *)vendor_string) + [31m0[m ) = ebx;
  *( (([32mint[m *)vendor_string) + [31m1[m ) = edx;
  *( (([32mint[m *)vendor_string) + [31m2[m ) = ecx;
  *([32mchar[m *)((([32mint[m *)vendor_string + [31m3[m)) = [35m'\0'[m;
}

[34m/** Output cpuid for op specified by first command-line argument on
 *  stdout. If op is [m[31m0[m[34m, decode and output vendor info too.
 */[m
[32mint[m
main([32mint[m argc, [32mconst[m [32mchar[m *argv[])
{
  [33mif[m (argc != [31m2[m) {
    fprintf([31mstderr[m, [31m"usage: [m[35m%s[m[31m CPUID_OP[m[35m\n[m[31m"[m, argv[[31m0[m]);
    exit([31m1[m);
  }
  [32mint[m op = atoi(argv[[31m1[m]);
  [32mint[m eax, ebx, ecx, edx;
  get_cpuid(op, &eax, &ebx, &ecx, &edx);
  printf([31m"cpuid([m[35m%d[m[31m): eax = 0x[m[35m%x[m[31m; ebx = 0x[m[35m%x[m[31m; edx = 0x[m[35m%x[m[31m; ecx = 0x[m[35m%x\n[m[31m"[m,[36;10Hop, eax, ebx, edx, ecx);
  [33mif[m (op == [31m0[m) {
    [32mchar[m vendor_string[[31m3[m*[31m4[m + [31m1[m];
    decode_vendor_string(ebx, ecx, edx, vendor_string);
    printf([31m"vendor: [m[35m%s\n[m[31m"[m, vendor_string);
  }
  [33mreturn[m [31m0[m;
}
[1m[34m~                                                                                          [45;1H~                                                                                          [46;1H~                                                                                          [47;1H~                                                                                          [48;1H~                                                                                          [m[49;74H1,1[11CAll[1;1H[?25h[?1000l[?1002h[?25l[1;48r[1;1H[3M[1;49r[46;1H[1m[34m~                                                                                          [47;1H~                                                                                          [48;1H~                                                                                          [m[49;1H[K[49;74H9,0-1[9CBot[6;1H[?25h[?25l[1;48r[1;1H[3M[1;49r[46;1H[1m[34m~                                                                                          [47;1H~                                                                                          [48;1H~                                                                                          [m[49;74H[K[49;74H12,1[10CBot[6;1H[?25h[?25l[1;48r[1;1H[3L[1;49r[1;1H[34m/** External routine which returns cpuid info for op in *eax, *ebx,
 *  *ecx, *edx (corresponding to values returned in like-named
 *  registers by x86 cpuid instruction).[m[49;74H[K[49;74H12,1[10CBot[9;1H[?25h[?25l[1;48r[1;1H[3L[1;49r[1;1H[35m#include [m[31m<stdio.h>[m
[35m#include [m[31m<stdlib.h>[m[49;74H[K[49;74H12,1[10CAll[12;1H[?25h[?25l[?25h[?25l[?25h[?25l[?25h[?25l[?25h[?25l[?25h[?25l[?25h[?25l[?25h[?25l[?25h[?25l[49;75H6,40[16;40H[?25h[?25l[28;18H[46m{[31;3H}[m[49;74H31,3 [31;3H[?25h[?25l[27;1H[46m{[m[28;18H{[31;3H}[43;1H[46m}[m[49;74H43,1[43;1H[?25h[?25l[49;64H:[43;1H[49;64H[K[49;1H:[?2004h[?25hw[?25l[?25hq[?25l[?25h[?25l[?1002l[?2004l"main.c" 43L, 1271C written[23;2t[23;1t[22;2t[22;1t[23;2t[23;1t
[?2004l[?1l>[?25h[?1049l[23;0;0tpsammon1@remote04:~/i220a/submit/lab9/exercises/cpuid2$ vim main.c[K[K[K[K[K[K[K[K[K[Kls
cpuid.s  main.c  Makefile
psammon1@remote04:~/i220a/submit/lab9/exercises/cpuid2$ vim cpuid.s 
PuTTY X11 proxy: unable to connect to forwarded X server: Network error: Connection refused
[?1000h[?2004h[?1049h[22;0;0t[?1h=[?2004h[1;49r[?12h[?12l[22;2t[22;1t[27m[23m[29m[m[H[2J[?25l[49;1H"cpuid.s" 19L, 581C[2;1Hâ–½[6n[2;1H  [1;1H[>c]10;?]11;?[1;1H[34m#Currently get_cpuid(int *eax, int *ebx, int *ecx, int *edx).
#Modify to get_cpuid(int cpuid_op, int *eax, int *ebx, int *ecx, int *edx).     [m[3;9H[33m.text[4;9H.globl[m [36mget_cpuid
get_cpuid[m:[6;9H[36mpushq[m   %[36mrcx[7;9Hpushq[m   %[36mrdx[8;9Hxorl[m    %[36meax[m, %[36meax[m      [34m#setup cpuid opcode to 0[m[9;9H[36mcpuid[m[10;9H[34m#largest param in %eax[11;9H#12-char manufacturer string in ebx, edx, ecx.[m[12;9H[36mmovl[m    %[36meax[m, (%[36mrdi[m)    [34m#store eax cpuid result[m[13;9H[36mmovl[m    %[36mebx[m, (%[36mrsi[m)    [34m#store ebx cpuid result[m[14;9H[36mpopq[m    %[36mrax[m[12C[34m#pop address for edxP[m[15;9H[36mmovl[m    %[36medx[m, (%[36mrax[m)    [34m#store edx cpuid result[m[16;9H[36mpopq[m    %[36mrax[m[12C[34m#pop address for ecxP[m[17;9H[36mmovl[m    %[36mecx[m, (%[36mrax[m)    [34m#store ecx cpuid result[m[18;9H[36mret[m

[1m[34m~                                                                                          [21;1H~                                                                                          [22;1H~                                                                                          [23;1H~                                                                                          [24;1H~                                                                                          [25;1H~                                                                                          [26;1H~                                                                                          [27;1H~                                                                                          [28;1H~                                                                                          [29;1H~                                                                                          [30;1H~                                                                                          [31;1H~                                                                                          [32;1H~                                                                                          [33;1H~                                                                                          [34;1H~                                                                                          [35;1H~                                                                                          [36;1H~                                                                                          [37;1H~                                                                                          [38;1H~                                                                                          [39;1H~                                                                                          [40;1H~                                                                                          [41;1H~                                                                                          [42;1H~                                                                                          [43;1H~                                                                                          [44;1H~                                                                                          [45;1H~                                                                                          [46;1H~                                                                                          [47;1H~                                                                                          [48;1H~                                                                                          [m[49;74H1,1[11CAll[1;1H[?25h[?1000l[?1002h[?25l[?25h[?25l[?25h[?25l[?25h[?25l[?25h[?25l[?25h[?25l[?25h[?25l[?25h[?25l[?25h[?25l[49;74H8,13-22[8;22H[?25h[?25l[?25h[27m[23m[29m[m[H[2J[?25l[1;9H[33m.text[2;9H.globl[m [36mget_cpuid
get_cpuid[m:[4;9H[36mpushq[m   %[36mrcx[5;9Hpushq[m   %[36mrdx[6;9Hxorl[m    %[36meax[m, %[36meax[m      [34m#setup cpuid opcode to 0[m[7;9H[36mcpuid[m[8;9H[34m#largest param in %eax[9;9H#12-char manufacturer string in ebx, edx, ecx.[m[10;9H[36mmovl[m    %[36meax[m, (%[36mrdi[m)    [34m#store eax cpuid result[m[11;9H[36mmovl[m    %[36mebx[m, (%[36mrsi[m)    [34m#store ebx cpuid result[m[12;9H[36mpopq[m    %[36mrax[m[12C[34m#pop address for edxP[m[13;9H[36mmovl[m    %[36medx[m, (%[36mrax[m)    [34m#store edx cpuid result[m[14;9H[36mpopq[m    %[36mrax[m[12C[34m#pop address for ecxP[m[15;9H[36mmovl[m    %[36mecx[m, (%[36mrax[m)    [34m#store ecx cpuid result[m[16;9H[36mret[m

[1m[34m~                                                                               [19;1H~                                                                               [20;1H~                                                                               [21;1H~                                                                               [22;1H~                                                                               [23;1H~                                                                               [m[24;63H8,13-22[7CBot[6;22H[?25h[?25l[1;23r[1;1H[2L[1;24r[1;1H[34m#Currently get_cpuid(int *eax, int *ebx, int *ecx, int *edx).
#Modify to get_cpuid(int cpuid_op, int *eax, int *ebx, int *ecx, int *edx).     [m[24;63H[K[24;63H4,2-9[9CAll[4;9H[?25h[?25l[24;63H6,13-20[6;20H[?25h[?25l[24;63H4,17-24[4;24H[?25h[?25l[?25h[?25l[24;63H8,42-56[8;56H[?25h[?25l[24;53Hi[8;56H[24;53H [8;56H[24;1H[1m-- INSERT --[m[24;63H[K[24;63H8,42-56[7CAll[8;56H[?25h[?25l[24;66H3-57[8;57H[?25h[?25l[8;56H[K[24;66H2-56[8;56H[?25h[?25l[8;55H[K[24;66H1-55[8;55H[?25h[?25l[8;54H[K[24;66H0-54[8;54H[?25h[?25l[8;53H[K[24;65H39-53[8;53H[?25h[?25l[8;52H[K[24;66H8-52[8;52H[?25h[?25l[8;51H[K[24;66H7-51[8;51H[?25h[?25l[8;50H[K[24;66H6-50[8;50H[?25h[?25l[8;49H[K[24;66H5-49[8;49H[?25h[?25l[8;48H[K[24;66H4-48[8;48H[?25h[?25l[8;47H[K[24;66H3-47[8;47H[?25h[?25l[8;46H[K[24;66H2-46[8;46H[?25h[?25l[8;45H[K[24;66H1-45[8;45H[?25h[?25l[8;44H[K[24;66H0-44[8;44H[?25h[?25l[8;43H[K[24;65H29-43[8;43H[?25h[?25l[8;42H[K[24;66H8-42[8;42H[?25h[?25l[8;41H[K[24;66H7-41[8;41H[?25h[?25l[8;40H[K[24;66H6-40[8;40H[?25h[?25l[8;39H[K[24;66H5-39[8;39H[?25h[?25l[8;38H[K[24;66H4-38[8;38H[?25h[?25l[8;37H[K[24;66H3-37[8;37H[?25h[?25l[8;36H[K[24;66H2-36[8;36H[?25h[?25l[8;35H[K[24;66H1-35[8;35H[?25h[?25l[8;34H[K[24;66H0-34[8;34H[?25h[?25l[8;33H[K[24;65H19-33[8;33H[?25h[?25l[24;66H8-27[8;27H[?25h[?25l[8;26H[K[24;66H7-26[8;26H[?25h[?25l[8;25H[K[24;66H6-25[8;25H[?25h[?25l[8;24H[K[24;66H5-24[8;24H[?25h[?25l[8;23H[K[24;66H4-23[8;23H[?25h[?25l[24;66H3-22[8;22H[?25h[?25l[8;21H[K[24;66H2-21[8;21H[?25h[?25l[8;20H[K[24;66H1-20[8;20H[?25h[?25l[8;19H[K[24;66H0-19[8;19H[?25h[?25l[8;18H[K[24;65H9-18 [8;18H[?25h[?25l[8;17H[K[24;65H8-17[8;17H[?25h[?25l[24;65H7-14[8;14H[?25h[?25l[24;65H6-13[8;13H[?25h[?25l[8;12H[K[24;65H5-12[8;12H[?25h[?25l[8;11H[K[24;65H4-11[8;11H[?25h[?25l[8;10H[K[24;65H3-10[8;10H[?25h[?25l[8;9H[K[24;65H2-9 [8;9H[?25h[?25l[24;65H1  [8;1H[?25h[?25l[7;23r[23;1H
[1;24r[7;9H[36mpushq[m   %[36mrdx[m[23;1H[1m[34m~                                                                               [m[24;63H[K[24;63H7,14-21[7CAll[7;21H[?25h[24;1H[K[7;20H[?25l[24;53H^[[7;20H[24;53H  [7;21H[24;63H7,13-20[7CAll[7;20H[?25h[?25l[24;53H:[7;20H[24;53H[K[24;1H:[?2004h[?25hw[?25l[?25hq[?25l[?25h[?25l[?1002l[?2004l"cpuid.s" 18L, 538C written[23;2t[23;1t[22;2t[22;1t[23;2t[23;1t
[?2004l[?1l>[?25h[?1049l[23;0;0tpsammon1@remote04:~/i220a/submit/lab9/exercises/cpuid2$ make
cc -g -Wall -std=c11    -c -o main.o main.c
cc -c -g -Wall -std=c11  cpuid.s -o cpuid.o
cc main.o cpuid.o -o cpuid
psammon1@remote04:~/i220a/submit/lab9/exercises/cpuid2$ ./up[K[Kcpuid [K
usage: ./cpuid CPUID_OP
psammon1@remote04:~/i220a/submit/lab9/exercises/cpuid2$ ./cpuid 1
Segmentation fault
psammon1@remote04:~/i220a/submit/lab9/exercises/cpuid2$ ./cpuid 1[K2
Segmentation fault
psammon1@remote04:~/i220a/submit/lab9/exercises/cpuid2$ ./cpuid 21[K[3Pmakevim cpuid.s 
PuTTY X11 proxy: unable to connect to forwarded X server: Network error: Connection refused
[?1000h[?2004h[?1049h[22;0;0t[?1h=[?2004h[1;24r[?12h[?12l[22;2t[22;1t[27m[23m[29m[m[H[2J[?25l[24;1H"cpuid.s" 18L, 538C[2;1Hâ–½[6n[2;1H  [1;1H[>c]10;?]11;?[1;1H[34m#Currently get_cpuid(int *eax, int *ebx, int *ecx, int *edx).
#Modify to get_cpuid(int cpuid_op, int *eax, int *ebx, int *ecx, int *edx).     [m[3;9H[33m.text[4;9H.globl[m [36mget_cpuid
get_cpuid[m:[6;9H[36mpushq[m   %[36mrcx[7;9Hpushq[m   %[36mrdx[8;9Hcpuid[m[9;9H[34m#largest param in %eax[10;9H#12-char manufacturer string in ebx, edx, ecx.[m[11;9H[36mmovl[m    %[36meax[m, (%[36mrdi[m)    [34m#store eax cpuid result[m[12;9H[36mmovl[m    %[36mebx[m, (%[36mrsi[m)    [34m#store ebx cpuid result[m[13;9H[36mpopq[m    %[36mrax[m[12C[34m#pop address for edxP[m[14;9H[36mmovl[m    %[36medx[m, (%[36mrax[m)    [34m#store edx cpuid result[m[15;9H[36mpopq[m    %[36mrax[m[12C[34m#pop address for ecxP[m[16;9H[36mmovl[m    %[36mecx[m, (%[36mrax[m)    [34m#store ecx cpuid result[m[17;9H[36mret[m

[1m[34m~                                                                               [20;1H~                                                                               [21;1H~                                                                               [22;1H~                                                                               [23;1H~                                                                               [m[24;63H7,13-20[7CAll[7;20H[?25h[?1000l[?1002h[?25l[24;53Hi[7;20H[24;53H [7;20H[24;1H[1m-- INSERT --[m[24;13H[K[24;63H7,13-20[7CAll[7;20H[?25h[?25l[24;66H4-21[7;21H[?25h[?25l[8;23r[8;1H[L[1;24r[24;63H[K[24;63H8,1[11CAll[8;1H[?25h[?25l[24;65H2-9[8;9H[?25h[?25l[24;63H9,6-13[9;13H[?25h[?25l[24;63H8,2-9 [8;9H[?25h[?25l[36mx[m[24;65H3-10[8;10H[?25h[?25l[36mo[m[24;65H4-11[8;11H[?25h[?25l[36mr[m[24;65H5-12[8;12H[?25h[?25l[36ml[m[24;65H6-13[8;13H[?25h[?25l[24;65H7-14[8;14H[?25h[?25l%[24;65H8-15[8;15H[?25h[?25l[36me[m[24;65H9-16[8;16H[?25h[?25l[36ma[m[24;65H10-17[8;17H[?25h[?25l[36mx[m[24;66H1-18[8;18H[?25h[?25l.[24;66H2-19[8;19H[?25h[?25l[24;66H3-20[8;20H[?25h[?25l%[24;66H4-21[8;21H[?25h[?25l[36me[m[24;66H5-22[8;22H[?25h[?25l[36ma[m[24;66H6-23[8;23H[?25h[?25l[36mx[m[24;66H7-24[8;24H[?25h[?25l[24;65H7-14 [8;14H[?25h[?25l   %[36meax[m. %[36meax[m[24;65H8-17[8;17H[?25h[?25l[24;65H18-27[8;27H[?25h[?25l[24;65H7-14 [8;14H[?25h[?25l[24;65H14-23[8;23H[?25h[?25l[24;63H6,14-21[6;21H[?25h[?25l[24;63H7[7;21H[?25h[?25l[8;23r[8;1H[L[1;24r[24;63H[K[24;63H8,1[11CAll[8;1H[?25h[?25l[24;65H2-9[8;9H[?25h[?25l[36mp[m[24;65H3-10[8;10H[?25h[?25l[36mu[m[24;65H4-11[8;11H[?25h[?25l[36ms[m[24;65H5-12[8;12H[?25h[?25l[36mh[m[24;65H6-13[8;13H[?25h[?25l[36mq[m[24;65H7-14[8;14H[?25h[?25l[24;65H8-15[8;15H[?25h[?25l[24;65H9-16[8;16H[?25h[?25l[24;65H10-17[8;17H[?25h[?25l[24;65H9-16 [8;16H[?25h[?25l[24;65H8-15[8;15H[?25h[?25l[24;65H7-14[8;14H[?25h[?25l[24;65H8-17[8;17H[?25h[?25l%[24;65H9-18[8;18H[?25h[?25l[36mr[m[24;65H10-19[8;19H[?25h[?25l[36mb[m[24;66H1-20[8;20H[?25h[?25l[36mx[m[24;66H2-21[8;21H[?25h[?25l[24;63H9,18-27[9;27H[?25h[?25l[24;63H8,12-21[8;21H[?25h[?25l[1;23r[1;1H[3M[1;24r[21;1H[1m[34m~                                                                               [22;1H~                                                                               [23;1H~                                                                               [m[24;63H[K[24;63H9,18-27[7CBot[6;27H[?25h[?25l[1;23r[1;1H[3M[1;24r[21;1H[1m[34m~                                                                               [22;1H~                                                                               [23;1H~                                                                               [m[24;63H[K[24;63H12,33-40      Bot[6;40H[?25h[?25l[1;23r[1;1H[3M[1;24r[21;1H[1m[34m~                                                                               [22;1H~                                                                               [23;1H~                                                                               [m[24;63H[K[24;63H15,20-40      Bot[6;40H[?25h[?25l[1;23r[1;1H[3M[1;24r[21;1H[1m[34m~                                                                               [22;1H~                                                                               [23;1H~                                                                               [m[24;63H[K[24;63H18,27-40      Bot[6;40H[?25h[?25l[1;23r[1;1H[3M[1;24r[21;1H[1m[34m~                                                                               [22;1H~                                                                               [23;1H~                                                                               [m[24;63H[K[24;63H20,2-9[8CBot[5;9H[?25h[?25l[1;23r[1;1H[L[1;24r[1;9H[36mpopq[m    %[36mrax[m[12C[34m#pop address for edxP[m[6;9H:[24;63H[K[24;63H20,3-10[7CBot[6;10H[?25h[?25l[36mw[m[24;66H4-11[6;11H[?25h[?25l[36mq[m[24;66H5-12[6;12H[?25h[?25l[7;1H[K[24;64H1,1   [7;1H[?25h[?25l[1m[34m~                                                                               [m[24;64H0,5-12[6;12H[?25h[?25l[6;11H[K[24;66H4-11[6;11H[?25h[?25l[6;10H[K[24;66H3-10[6;10H[?25h[?25l[6;9H[K[24;66H2-9 [6;9H[?25h[?25l[24;66H1  [6;1H[?25h[?25l[1;23r[1;1H[L[1;24r[1;9H[36mmovl[m    %[36mebx[m, (%[36mrsi[m)    [34m#store ebx cpuid result[m[7;1H[1m[34m~                                                                               [m[24;63H[K[24;63H19,5-12[7CBot[6;12H[?25h[24;1H[K[6;11H[?25l[24;53H^[[6;11H[24;53H  [6;12H[24;63H19,4-11[7CBot[6;11H[?25h[?25l[24;53H:[6;11H[24;53H[K[24;1H:[?2004h[?25hw[?25l[?25hq[?25l[?25h[?25l[?1002l[?2004l"cpuid.s" 19L, 566C written[23;2t[23;1t[22;2t[22;1t[23;2t[23;1t
[?2004l[?1l>[?25h[?1049l[23;0;0tpsammon1@remote04:~/i220a/submit/lab9/exercises/cpuid2$ vim cpuid.s [3P./cpuid 2vim cpuid.s [Kcd ../,,
bash: cd: ../,,: No such file or directory
psammon1@remote04:~/i220a/submit/lab9/exercises/cpuid2$ cd ../,,[K[K..
psammon1@remote04:~/i220a/submit/lab9$ cd ../,,
bash: cd: ../,,: No such file or directory
psammon1@remote04:~/i220a/submit/lab9$ cd ../,,[K[K..
psammon1@remote04:~/i220a$ gt[Kit branc[K[K[K[K[K[K[K[K[Kexit

Script done on 2020-10-29 18:58:05-04:00 [COMMAND_EXIT_CODE="0"]
