Script started on 2020-09-28 14:40:48-04:00 [TERM="xterm" TTY="/dev/pts/5" COLUMNS="93" LINES="49"]
psammon1@remote01:~/i220a/submit/lab3$ mkdir [K[K[K[K[K[Kcd exercises/
psammon1@remote01:~/i220a/submit/lab3/exercises$ cd 1[K[K[K[Kls
bin-c.log  cat.log  dir  ls.log  t1.c  T1.s  v1.s  v.c	x.c
psammon1@remote01:~/i220a/submit/lab3/exercises$ kmdir [K[K[K[K[K[Kmkdir dir
mkdir: cannot create directory â€˜dirâ€™: File exists
psammon1@remote01:~/i220a/submit/lab3/exercises$ l[Ktouch t1.c T1.s v.c v1.s x.c dir/t2.c dir/T2.s1 dir/t3
psammon1@remote01:~/i220a/submit/lab3/exercises$ ls
bin-c.log  cat.log  dir  ls.log  t1.c  T1.s  v1.s  v.c	x.c
psammon1@remote01:~/i220a/submit/lab3/exercises$ ls -l
total 12
-rw-r----- 1 psammon1 psammon1  90 Sep 28 14:35 bin-c.log
-rw-r----- 1 psammon1 psammon1 140 Sep 28 14:35 cat.log
drwxr-x--- 2 psammon1 psammon1  54 Sep 28 14:35 dir
-rw-r----- 1 psammon1 psammon1  48 Sep 28 14:35 ls.log
-rw-r----- 1 psammon1 psammon1   0 Sep 28 14:44 t1.c
-rw-r----- 1 psammon1 psammon1   0 Sep 28 14:44 T1.s
-rw-r----- 1 psammon1 psammon1   0 Sep 28 14:44 v1.s
-rw-r----- 1 psammon1 psammon1   0 Sep 28 14:44 v.c
-rw-r----- 1 psammon1 psammon1   0 Sep 28 14:44 x.c
psammon1@remote01:~/i220a/submit/lab3/exercises$ ls -t1[Kl
total 12
-rw-r----- 1 psammon1 psammon1   0 Sep 28 14:44 v1.s
-rw-r----- 1 psammon1 psammon1   0 Sep 28 14:44 x.c
-rw-r----- 1 psammon1 psammon1   0 Sep 28 14:44 t1.c
-rw-r----- 1 psammon1 psammon1   0 Sep 28 14:44 T1.s
-rw-r----- 1 psammon1 psammon1   0 Sep 28 14:44 v.c
-rw-r----- 1 psammon1 psammon1  48 Sep 28 14:35 ls.log
drwxr-x--- 2 psammon1 psammon1  54 Sep 28 14:35 dir
-rw-r----- 1 psammon1 psammon1 140 Sep 28 14:35 cat.log
-rw-r----- 1 psammon1 psammon1  90 Sep 28 14:35 bin-c.log
psammon1@remote01:~/i220a/submit/lab3/exercises$ ls dir[K[K[Kdir
t2.c  T2.s1  t3
psammon1@remote01:~/i220a/submit/lab3/exercises$ ls -l dir
total 0
-rw-r----- 1 psammon1 psammon1 0 Sep 28 14:44 t2.c
-rw-r----- 1 psammon1 psammon1 0 Sep 28 14:44 T2.s1
-rw-r----- 1 psammon1 psammon1 0 Sep 28 14:44 t3
psammon1@remote01:~/i220a/submit/lab3/exercises$ ls -tl dir
total 0
-rw-r----- 1 psammon1 psammon1 0 Sep 28 14:44 t3
-rw-r----- 1 psammon1 psammon1 0 Sep 28 14:44 t2.c
-rw-r----- 1 psammon1 psammon1 0 Sep 28 14:44 T2.s1
psammon1@remote01:~/i220a/submit/lab3/exercises$ ls -t dir
t3  t2.c  T2.s1
psammon1@remote01:~/i220a/submit/lab3/exercises$ ls T*
T1.s
psammon1@remote01:~/i220a/submit/lab3/exercises$ ls dir/*.?
dir/t2.c
psammon1@remote01:~/i220a/submit/lab3/exercises$ ls [t-v] [K*.c
t1.c  v.c
psammon1@remote01:~/i220a/submit/lab3/exercises$ ls dir/[K[K[K[K/bin/?[p-s]*
/bin/cp    /bin/grep  /bin/lsblk   /bin/ps    /bin/ypdomainname
/bin/cpio  /bin/ip    /bin/lsmod   /bin/ss    /bin/zsh
/bin/csh   /bin/ls    /bin/openvt  /bin/true  /bin/zsh5
psammon1@remote01:~/i220a/submit/lab3/exercises$ ls /etc/*rc[K[K[r][c]
/etc/bash.bashrc    /etc/gnashthumbnailrc  /etc/nanorc	       /etc/slsh.rc
/etc/chktexrc	    /etc/inputrc	   /etc/pbuilderrc     /etc/wgetrc
/etc/csh.cshrc	    /etc/mail.rc	   /etc/quilt.quiltrc
/etc/gnashpluginrc  /etc/matplotlibrc	   /etc/sbclrc
/etc/gnashrc	    /etc/Muttrc		   /etc/screenrc
psammon1@remote01:~/i220a/submit/lab3/exercises$ ls /bin/ ???[K[K[K[K???
/bin/cat  /bin/csh  /bin/dir  /bin/pwd	/bin/red  /bin/sed  /bin/tar  /bin/zsh
psammon1@remote01:~/i220a/submit/lab3/exercises$ ls > ls.log
psammon1@remote01:~/i220a/submit/lab3/exercises$ cat ls.log
bin-c.log
cat.log
dir
ls.log
t1.c
T1.s
v1.s
v.c
x.c
psammon1@remote01:~/i220a/submit/lab3/exercises$ cat > cat.log
jfhslKJfbnsmNvslVRJNVrksjnLVN
r;lghjzdlgkfj;dzlnmr;JNrglrnmg
z;drgh;wJN;KNG;FL,DMPM4WAOPMw
gzm;ldrgkj'PJAKM[[kmad'khm;l
^C
psammon1@remote01:~/i220a/submit/lab3/exercises$ cat cat.log
jfhslKJfbnsmNvslVRJNVrksjnLVN
r;lghjzdlgkfj;dzlnmr;JNrglrnmg
z;drgh;wJN;KNG;FL,DMPM4WAOPMw
gzm;ldrgkj'PJAKM[[kmad'khm;l
psammon1@remote01:~/i220a/submit/lab3/exercises$ ls dir >> ls.log
psammon1@remote01:~/i220a/submit/lab3/exercises$ cat ls.log
bin-c.log
cat.log
dir
ls.log
t1.c
T1.s
v1.s
v.c
x.c
t2.c
T2.s1
t3
psammon1@remote01:~/i220a/submit/lab3/exercises$ ls
bin-c.log  cat.log  dir  ls.log  t1.c  T1.s  v1.s  v.c	x.c
psammon1@remote01:~/i220a/submit/lab3/exercises$ ls dir
t2.c  T2.s1  t3
psammon1@remote01:~/i220a/submit/lab3/exercises$ cat < ls.log
bin-c.log
cat.log
dir
ls.log
t1.c
T1.s
v1.s
v.c
x.c
t2.c
T2.s1
t3
psammon1@remote01:~/i220a/submit/lab3/exercises$ wc -l
efsf
sf
sf
sdf
ds
fsdf
ad
^C
psammon1@remote01:~/i220a/submit/lab3/exercises$ wc -l[K[K[K[K[Kls | wc -;[Kl
9
psammon1@remote01:~/i220a/submit/lab3/exercises$ ls | wc -l[C[1@ [1@/[1@b[1@i[1@n[1@/[1@?[1@?[1@?[1@?
23
psammon1@remote01:~/i220a/submit/lab3/exercises$ ls /bin/???? | wc -l[10P[C[C[C[C[C[C[C[10@/bin/???? [C[C[C[C[C[C[C[10P[C[C[C[C[C[C[C[5P[C[C[C[C[Ccat < ls.log[6Pls dir[Kcat ls.log[6@ls dir >>[C[C[C[C[C[C[C[6Pcat[C[C[C[C[C[C[C[6@ls dir >>[C[C[C[C[C[C[C[5Pcat cat.log> cat.log[3Pls.log[1@ls >[C[C[C[C[C[C[C[1Pcat[C[C[C[C[C[C[C[1@ls >[C[C[C[C[C[C[C/bin/???> ls.log[1Pcat[C[C[C[C[C[C[C> cat.log[2Pcat.logls dir >> ls.log[6Pcat[C[C[C[C[C[C[Cls[K dircat < ls.log[7Pwc -l[5@ls | [C[C[C[C[C[10@/bin/???? [C[C[C[C[C[C[C[Kbin.c > [K[K[K.log[K[K[K[K[K[K[K[K[Kls /bin.[K/c* > bin-c.log
psammon1@remote01:~/i220a/submit/lab3/exercises$ cat bin0[K-c.log | wc -l
9
psammon1@remote01:~/i220a/submit/lab3/exercises$ ls /[K-R /etc | wc -l[1@/[1@*
ls: cannot open directory '/etc/polkit-1/localauthority': Permission denied
ls: cannot open directory '/etc/ssl/private': Permission denied
ls: cannot open directory '/etc/systemd/system/apparmor.service.d': Permission denied
ls: cannot open directory '/etc/systemd/system/x2goserver.service.d': Permission denied
ls: cannot open directory '/etc/x2go/x2gosql/passwords': Permission denied
ls: cannot open directory '/etc/xdg/new-xfce4/desktop': Permission denied
ls: cannot open directory '/etc/xdg/new-xfce4/panel/launcher-10': Permission denied
ls: cannot open directory '/etc/xdg/new-xfce4/panel/launcher-11': Permission denied
ls: cannot open directory '/etc/xdg/new-xfce4/panel/launcher-12': Permission denied
ls: cannot open directory '/etc/xdg/new-xfce4/panel/launcher-15': Permission denied
ls: cannot open directory '/etc/xdg/new-xfce4/panel/launcher-17': Permission denied
ls: cannot open directory '/etc/xdg/new-xfce4/panel/launcher-18': Permission denied
ls: cannot open directory '/etc/xdg/new-xfce4/panel/launcher-19': Permission denied
ls: cannot open directory '/etc/xdg/new-xfce4/panel/launcher-21': Permission denied
ls: cannot open directory '/etc/xdg/new-xfce4/panel/launcher-22': Permission denied
ls: cannot open directory '/etc/xdg/new-xfce4/panel/launcher-23': Permission denied
ls: cannot open directory '/etc/xdg/new-xfce4/panel/launcher-5': Permission denied
ls: cannot open directory '/etc/xdg/new-xfce4/panel/launcher-9': Permission denied
ls: cannot open directory '/etc/xdg/new-xfce4/terminal': Permission denied
ls: cannot open directory '/etc/xdg/new-xfce4/xfconf/xfce-perchannel-xml': Permission denied
ls: cannot open directory '/etc/xdg/new-xfce4/xfwm4': Permission denied
4994
psammon1@remote01:~/i220a/submit/lab3/exercises$ man tr
[?1049h[22;0;0t[?1h=TR(1)                                  User Commands                                 TR(1)[m
[m
[1mNAME[0m[m
       tr - translate or delete characters[m
[m
[1mSYNOPSIS[0m[m
       [1mtr[0m [[4mOPTION[24m]... [4mSET1[24m [[4mSET2[24m][m
[m
[1mDESCRIPTION[0m[m
       Translate,  squeeze, and/or delete characters from standard input, writing to stanâ€[m
       dard output.[m
[m
       [1m-c[0m, [1m-C[0m, [1m--complement[0m[m
              use the complement of SET1[m
[m
       [1m-d[0m, [1m--delete[0m[m
              delete characters in SET1, do not translate[m
[m
       [1m-s[0m, [1m--squeeze-repeats[0m[m
              replace each sequence of a repeated character that is  listed  in  the  last[m
              specified SET, with a single occurrence of that character[m
[m
       [1m-t[0m, [1m--truncate-set1[0m[m
              first truncate SET1 to length of SET2[m
[m
       [1m--help[0m display this help and exit[m
[m
       [1m--version[0m[m
              output version information and exit[m
[m
       SETs  are  specified  as strings of characters.  Most represent themselves.  Interâ€[m
       preted sequences are:[m
[m
       \NNN   character with octal value NNN (1 to 3 octal digits)[m
[m
       \\     backslash[m
[m
       \a     audible BEL[m
[m
       \b     backspace[m
[m
       \f     form feed[m
[m
       \n     new line[m
[m
       \r     return[m
[m
       \t     horizontal tab[m
[7m Manual page tr(1) line 1 (press h for help or q to quit)[27m[K[K[?1l>[?1049l[23;0;0tpsammon1@remote01:~/i220a/submit/lab3/exercises$ ls | tr [:LOWER[K[K[K[K[Klower:] [:upper:]
BIN-C.LOG
CAT.LOG
DIR
LS.LOG
T1.C
T1.S
V1.S
V.C
X.C
psammon1@remote01:~/i220a/submit/lab3/exercises$ exit

Script done on 2020-09-28 15:13:02-04:00 [COMMAND_EXIT_CODE="0"]
